Archive member included because of file (symbol)

c:/program files (x86)/atmel/studio/7.0/toolchain/avr32/avr32-gnu-toolchain/bin/../lib/gcc/avr32/4.4.7/ucr3fp\libgcc.a(_udivdi3.o)
                              src/ASF/avr32/services/network/can/can.o (__avr32_udiv64)
c:/program files (x86)/atmel/studio/7.0/toolchain/avr32/avr32-gnu-toolchain/bin/../lib/gcc/avr32/4.4.7/../../../../avr32/lib/ucr3fp\libc.a(lib_a-atexit.o)
                              c:/program files (x86)/atmel/studio/7.0/toolchain/avr32/avr32-gnu-toolchain/bin/../lib/gcc/avr32/4.4.7/../../../../avr32/lib/ucr3fp/crt0.o (atexit)
c:/program files (x86)/atmel/studio/7.0/toolchain/avr32/avr32-gnu-toolchain/bin/../lib/gcc/avr32/4.4.7/../../../../avr32/lib/ucr3fp\libc.a(lib_a-exit.o)
                              c:/program files (x86)/atmel/studio/7.0/toolchain/avr32/avr32-gnu-toolchain/bin/../lib/gcc/avr32/4.4.7/../../../../avr32/lib/ucr3fp/crt0.o (exit)
c:/program files (x86)/atmel/studio/7.0/toolchain/avr32/avr32-gnu-toolchain/bin/../lib/gcc/avr32/4.4.7/../../../../avr32/lib/ucr3fp\libc.a(lib_a-impure.o)
                              src/ASF/common/utils/stdio/stdio_usb/stdio_usb.o (_impure_ptr)
c:/program files (x86)/atmel/studio/7.0/toolchain/avr32/avr32-gnu-toolchain/bin/../lib/gcc/avr32/4.4.7/../../../../avr32/lib/ucr3fp\libc.a(lib_a-malloc.o)
                              src/ASF/thirdparty/freertos/freertos-7.0.0/source/portable/memmang/heap_3.o (free)
c:/program files (x86)/atmel/studio/7.0/toolchain/avr32/avr32-gnu-toolchain/bin/../lib/gcc/avr32/4.4.7/../../../../avr32/lib/ucr3fp\libc.a(lib_a-mallocr.o)
                              c:/program files (x86)/atmel/studio/7.0/toolchain/avr32/avr32-gnu-toolchain/bin/../lib/gcc/avr32/4.4.7/../../../../avr32/lib/ucr3fp\libc.a(lib_a-malloc.o) (_malloc_r)
c:/program files (x86)/atmel/studio/7.0/toolchain/avr32/avr32-gnu-toolchain/bin/../lib/gcc/avr32/4.4.7/../../../../avr32/lib/ucr3fp\libc.a(lib_a-memcpy.o)
                              src/ASF/avr32/drivers/usbc/usbc_device.o (memcpy)
c:/program files (x86)/atmel/studio/7.0/toolchain/avr32/avr32-gnu-toolchain/bin/../lib/gcc/avr32/4.4.7/../../../../avr32/lib/ucr3fp\libc.a(lib_a-memset.o)
                              src/ASF/avr32/drivers/usbc/usbc_device.o (memset)
c:/program files (x86)/atmel/studio/7.0/toolchain/avr32/avr32-gnu-toolchain/bin/../lib/gcc/avr32/4.4.7/../../../../avr32/lib/ucr3fp\libc.a(lib_a-printf.o)
                              src/main.o (printf)
c:/program files (x86)/atmel/studio/7.0/toolchain/avr32/avr32-gnu-toolchain/bin/../lib/gcc/avr32/4.4.7/../../../../avr32/lib/ucr3fp\libc.a(lib_a-realloc.o)
                              src/ASF/thirdparty/freertos/freertos-7.0.0/source/portable/gcc/avr32_uc3/port.o (realloc)
c:/program files (x86)/atmel/studio/7.0/toolchain/avr32/avr32-gnu-toolchain/bin/../lib/gcc/avr32/4.4.7/../../../../avr32/lib/ucr3fp\libc.a(lib_a-reallocr.o)
                              c:/program files (x86)/atmel/studio/7.0/toolchain/avr32/avr32-gnu-toolchain/bin/../lib/gcc/avr32/4.4.7/../../../../avr32/lib/ucr3fp\libc.a(lib_a-realloc.o) (_realloc_r)
c:/program files (x86)/atmel/studio/7.0/toolchain/avr32/avr32-gnu-toolchain/bin/../lib/gcc/avr32/4.4.7/../../../../avr32/lib/ucr3fp\libc.a(lib_a-sbrkr.o)
                              c:/program files (x86)/atmel/studio/7.0/toolchain/avr32/avr32-gnu-toolchain/bin/../lib/gcc/avr32/4.4.7/../../../../avr32/lib/ucr3fp\libc.a(lib_a-mallocr.o) (_sbrk_r)
c:/program files (x86)/atmel/studio/7.0/toolchain/avr32/avr32-gnu-toolchain/bin/../lib/gcc/avr32/4.4.7/../../../../avr32/lib/ucr3fp\libc.a(lib_a-setbuf.o)
                              src/ASF/common/utils/stdio/stdio_usb/stdio_usb.o (setbuf)
c:/program files (x86)/atmel/studio/7.0/toolchain/avr32/avr32-gnu-toolchain/bin/../lib/gcc/avr32/4.4.7/../../../../avr32/lib/ucr3fp\libc.a(lib_a-setvbuf.o)
                              c:/program files (x86)/atmel/studio/7.0/toolchain/avr32/avr32-gnu-toolchain/bin/../lib/gcc/avr32/4.4.7/../../../../avr32/lib/ucr3fp\libc.a(lib_a-setbuf.o) (setvbuf)
c:/program files (x86)/atmel/studio/7.0/toolchain/avr32/avr32-gnu-toolchain/bin/../lib/gcc/avr32/4.4.7/../../../../avr32/lib/ucr3fp\libc.a(lib_a-sprintf.o)
                              src/main.o (sprintf)
c:/program files (x86)/atmel/studio/7.0/toolchain/avr32/avr32-gnu-toolchain/bin/../lib/gcc/avr32/4.4.7/../../../../avr32/lib/ucr3fp\libc.a(lib_a-strcpy.o)
                              src/main.o (strcpy)
c:/program files (x86)/atmel/studio/7.0/toolchain/avr32/avr32-gnu-toolchain/bin/../lib/gcc/avr32/4.4.7/../../../../avr32/lib/ucr3fp\libc.a(lib_a-strncpy.o)
                              src/ASF/thirdparty/freertos/freertos-7.0.0/source/tasks.o (strncpy)
c:/program files (x86)/atmel/studio/7.0/toolchain/avr32/avr32-gnu-toolchain/bin/../lib/gcc/avr32/4.4.7/../../../../avr32/lib/ucr3fp\libc.a(lib_a-syscalls.o)
[...]
Memory Configuration

Name             Origin             Length             Attributes
FLASH            0x80000000         0x00080000         axrl !w
INTRAM           0x00000004         0x0000fffc         axw !rl
HRAM0            0xa0000000         0x00001000         axw !rl
USERPAGE_RESERVED 0x80800000         0x00000004         r
USERPAGE         0x80800004         0x000001fc
*default*        0x00000000         0xffffffff

Linker script and memory map

                0x00001000                _stack_size = 0x1000
LOAD c:/program files (x86)/atmel/studio/7.0/toolchain/avr32/avr32-gnu-toolchain/bin/../lib/gcc/avr32/4.4.7/../../../../avr32/lib/ucr3fp/crt0.o
LOAD c:/program files (x86)/atmel/studio/7.0/toolchain/avr32/avr32-gnu-toolchain/bin/../lib/gcc/avr32/4.4.7/ucr3fp/crti.o
LOAD c:/program files (x86)/atmel/studio/7.0/toolchain/avr32/avr32-gnu-toolchain/bin/../lib/gcc/avr32/4.4.7/ucr3fp/crtbegin.o
LOAD src/ASF/avr32/drivers/canif/canif.o
LOAD src/ASF/avr32/drivers/usbc/usbc_device.o
LOAD src/ASF/avr32/services/network/can/can.o
LOAD src/ASF/common/services/clock/uc3c/osc.o
LOAD src/ASF/common/services/clock/uc3c/pll.o
LOAD src/ASF/common/services/clock/uc3c/sysclk.o
LOAD src/ASF/common/services/sleepmgr/uc3/sleepmgr.o
LOAD src/ASF/common/services/usb/class/cdc/device/udi_cdc.o
LOAD src/ASF/common/services/usb/class/cdc/device/udi_cdc_desc.o
LOAD src/ASF/common/services/usb/udc/udc.o
LOAD src/ASF/common/utils/stdio/read.o
LOAD src/ASF/common/utils/stdio/stdio_usb/stdio_usb.o
LOAD src/ASF/common/utils/stdio/write.o
LOAD src/ASF/thirdparty/freertos/freertos-7.0.0/source/portable/gcc/avr32_uc3/exception.o
LOAD src/CDHScheduler/CANManager.o
LOAD src/CDHScheduler/CDHSchedulerMain.o
LOAD src/CDHScheduler/PayloadData.o
LOAD src/CDHScheduler/PeriodicTaskRunner.o
LOAD src/CDHScheduler/PowerMonitor.o
LOAD src/CDHScheduler/TaskWrite.o
LOAD src/CDHScheduler/TimeDelayedTasks.o
LOAD src/main.o
LOAD src/ASF/avr32/drivers/flashc/flashc.o
LOAD src/ASF/avr32/drivers/gpio/gpio.o
LOAD src/ASF/avr32/drivers/intc/intc.o
LOAD src/ASF/avr32/drivers/pm/pm_uc3c.o
LOAD src/ASF/avr32/drivers/pm/power_clocks_lib.o
LOAD src/ASF/avr32/drivers/scif/scif_uc3c.o
LOAD src/ASF/avr32/drivers/tc/tc.o
LOAD src/ASF/avr32/utils/startup/trampoline_uc3.o
LOAD src/ASF/thirdparty/freertos/freertos-7.0.0/source/croutine.o
LOAD src/ASF/thirdparty/freertos/freertos-7.0.0/source/list.o
LOAD src/ASF/thirdparty/freertos/freertos-7.0.0/source/portable/gcc/avr32_uc3/port.o
LOAD src/ASF/thirdparty/freertos/freertos-7.0.0/source/portable/memmang/heap_3.o
LOAD src/ASF/thirdparty/freertos/freertos-7.0.0/source/queue.o
LOAD src/ASF/thirdparty/freertos/freertos-7.0.0/source/tasks.o
LOAD src/ASF/thirdparty/freertos/freertos-7.0.0/source/timers.o
START GROUP
LOAD c:/program files (x86)/atmel/studio/7.0/toolchain/avr32/avr32-gnu-toolchain/bin/../lib/gcc/avr32/4.4.7/../../../../avr32/lib/ucr3fp\libm.a
END GROUP
LOAD c:/program files (x86)/atmel/studio/7.0/toolchain/avr32/avr32-gnu-toolchain/bin/../lib/gcc/avr32/4.4.7/ucr3fp\libgcc.a
LOAD c:/program files (x86)/atmel/studio/7.0/toolchain/avr32/avr32-gnu-toolchain/bin/../lib/gcc/avr32/4.4.7/../../../../avr32/lib/ucr3fp\libc.a
LOAD c:/program files (x86)/atmel/studio/7.0/toolchain/avr32/avr32-gnu-toolchain/bin/../lib/gcc/avr32/4.4.7/ucr3fp\libgcc.a
LOAD c:/program files (x86)/atmel/studio/7.0/toolchain/avr32/avr32-gnu-toolchain/bin/../lib/gcc/avr32/4.4.7/ucr3fp/crtend.o
LOAD c:/program files (x86)/atmel/studio/7.0/toolchain/avr32/avr32-gnu-toolchain/bin/../lib/gcc/avr32/4.4.7/ucr3fp/crtn.o
                0xffffffff                __max_heap_size__ = 0xffffffff
                [0xffffffff]                __heap_size__ = DEFINED (__heap_size__)?__heap_size__:__max_heap_size__
                [0x00001000]                __stack_size__ = DEFINED (__stack_size__)?__stack_size__:0x1000
                0x80000000                PROVIDE (__executable_start, 0x80000000)
                0x80000000                . = 0x80000000

.interp
 *(.interp)

.reset          0x80000000     0x200c
 *(.reset)
 .reset         0x80000000        0x8 c:/program files (x86)/atmel/studio/7.0/toolchain/avr32/avr32-gnu-toolchain/bin/../lib/gcc/avr32/4.4.7/../../../../avr32/lib/ucr3fp/crt0.o
                0x80000000                _start
 .reset         0x80000008     0x2004 src/ASF/avr32/utils/startup/trampoline_uc3.o
                               0x2008 (size before relaxing)
                0x80000008                _trampoline

.hash
 *(.hash)

.dynsym
 *(.dynsym)

.dynstr
 *(.dynstr)

.gnu.version
 *(.gnu.version)

.gnu.version_d
 *(.gnu.version_d)

.gnu.version_r
 *(.gnu.version_r)

.rel.init
 *(.rel.init)

.rela.init
 *(.rela.init)

.rel.text
 *(.rel.text .rel.text.* .rel.gnu.linkonce.t.*)

.rela.text
 *(.rela.text .rela.text.* .rela.gnu.linkonce.t.*)

.rel.fini
 *(.rel.fini)

.rela.fini
 *(.rela.fini)

.rel.rodata
 *(.rel.rodata .rel.rodata.* .rel.gnu.linkonce.r.*)

.rela.rodata
 *(.rela.rodata .rela.rodata.* .rela.gnu.linkonce.r.*)

.rel.data.rel.ro
 *(.rel.data.rel.ro*)

.rela.data.rel.ro
 *(.rel.data.rel.ro*)

.rel.data
 *(.rel.data .rel.data.* .rel.gnu.linkonce.d.*)

.rela.data
 *(.rela.data .rela.data.* .rela.gnu.linkonce.d.*)

.rel.tdata
 *(.rel.tdata .rel.tdata.* .rel.gnu.linkonce.td.*)

.rela.tdata
 *(.rela.tdata .rela.tdata.* .rela.gnu.linkonce.td.*)

.rel.tbss
 *(.rel.tbss .rel.tbss.* .rel.gnu.linkonce.tb.*)

.rela.tbss
 *(.rela.tbss .rela.tbss.* .rela.gnu.linkonce.tb.*)

.rel.ctors
 *(.rel.ctors)

.rela.ctors
 *(.rela.ctors)

.rel.dtors
 *(.rel.dtors)

.rela.dtors
 *(.rela.dtors)

.rel.got
 *(.rel.got)

.rela.got       0x8000200c        0x0
 *(.rela.got)
 .rela.got      0x8000200c        0x0 c:/program files (x86)/atmel/studio/7.0/toolchain/avr32/avr32-gnu-toolchain/bin/../lib/gcc/avr32/4.4.7/../../../../avr32/lib/ucr3fp/crt0.o

.rel.bss
 *(.rel.bss .rel.bss.* .rel.gnu.linkonce.b.*)

.rela.bss
 *(.rela.bss .rela.bss.* .rela.gnu.linkonce.b.*)

.rel.plt
 *(.rel.plt)

.rela.plt
 *(.rela.plt)

.init           0x8000200c       0x1a
 *(.init)
 .init          0x8000200c       0x10 c:/program files (x86)/atmel/studio/7.0/toolchain/avr32/avr32-gnu-toolchain/bin/../lib/gcc/avr32/4.4.7/ucr3fp/crti.o
                0x8000200c                _init
 .init          0x8000201c        0x2 c:/program files (x86)/atmel/studio/7.0/toolchain/avr32/avr32-gnu-toolchain/bin/../lib/gcc/avr32/4.4.7/ucr3fp/crtbegin.o
                                  0x4 (size before relaxing)
 .init          0x8000201e        0x4 c:/program files (x86)/atmel/studio/7.0/toolchain/avr32/avr32-gnu-toolchain/bin/../lib/gcc/avr32/4.4.7/ucr3fp/crtend.o
 .init          0x80002022        0x4 c:/program files (x86)/atmel/studio/7.0/toolchain/avr32/avr32-gnu-toolchain/bin/../lib/gcc/avr32/4.4.7/ucr3fp/crtn.o

.plt
 *(.plt)

.text           0x80002028     0xf160
 *(.text .stub .text.* .gnu.linkonce.t.*)
 .text          0x80002028       0x64 c:/program files (x86)/atmel/studio/7.0/toolchain/avr32/avr32-gnu-toolchain/bin/../lib/gcc/avr32/4.4.7/../../../../avr32/lib/ucr3fp/crt0.o
                                 0x84 (size before relaxing)
                0x80002028                _stext
 .text          0x8000208c       0x54 c:/program files (x86)/atmel/studio/7.0/toolchain/avr32/avr32-gnu-toolchain/bin/../lib/gcc/avr32/4.4.7/ucr3fp/crtbegin.o
                                 0x64 (size before relaxing)
 .text.canif_clear_all_mob
                0x800020e0       0xa0 src/ASF/avr32/drivers/canif/canif.o
                0x800020e0                canif_clear_all_mob
 .text.canif_fixed_baudrate
                0x80002180      0x19e src/ASF/avr32/drivers/canif/canif.o
                0x80002180                canif_fixed_baudrate
 .text.cpu_irq_save
                0x8000231e       0x1e src/ASF/avr32/drivers/usbc/usbc_device.o
 .text.cpu_irq_is_enabled_flags
                0x8000233c       0x20 src/ASF/avr32/drivers/usbc/usbc_device.o
 .text.cpu_irq_restore
                0x8000235c       0x28 src/ASF/avr32/drivers/usbc/usbc_device.o
 .text.udd_sleep_mode
                0x80002384       0x14 src/ASF/avr32/drivers/usbc/usbc_device.o
 .text.udd_interrupt
                0x80002398       0x14 src/ASF/avr32/drivers/usbc/usbc_device.o
 .text.udd_interrupt_not_naked
                0x800023ac      0x1a8 src/ASF/avr32/drivers/usbc/usbc_device.o
 .text.udd_enable
                0x80002554      0x16c src/ASF/avr32/drivers/usbc/usbc_device.o
                0x80002554                udd_enable
 .text.udd_attach
                0x800026c0       0xa8 src/ASF/avr32/drivers/usbc/usbc_device.o
                0x800026c0                udd_attach
 .text.udd_detach
                0x80002768       0x40 src/ASF/avr32/drivers/usbc/usbc_device.o
                0x80002768                udd_detach
 .text.udd_is_high_speed
                0x800027a8        0xe src/ASF/avr32/drivers/usbc/usbc_device.o
                0x800027a8                udd_is_high_speed
 .text.udd_set_address
                0x800027b6       0x4e src/ASF/avr32/drivers/usbc/usbc_device.o
                0x800027b6                udd_set_address
 .text.udd_getaddress
                0x80002804       0x18 src/ASF/avr32/drivers/usbc/usbc_device.o
                0x80002804                udd_getaddress
 .text.udd_get_frame_number
                0x8000281c       0x1a src/ASF/avr32/drivers/usbc/usbc_device.o
                0x8000281c                udd_get_frame_number
 .text.udd_get_micro_frame_number
                0x80002836        0xe src/ASF/avr32/drivers/usbc/usbc_device.o
                0x80002836                udd_get_micro_frame_number
 .text.udd_set_setup_payload
                0x80002844       0x2c src/ASF/avr32/drivers/usbc/usbc_device.o
                0x80002844                udd_set_setup_payload
 .text.udd_ep_alloc
                0x80002870      0x162 src/ASF/avr32/drivers/usbc/usbc_device.o
                0x80002870                udd_ep_alloc
 *fill*         0x800029d2        0x2 d703d703
 .text.udd_ep_free
                0x800029d4       0x44 src/ASF/avr32/drivers/usbc/usbc_device.o
                0x800029d4                udd_ep_free
 .text.udd_ep_is_halted
                0x80002a18       0x2e src/ASF/avr32/drivers/usbc/usbc_device.o
                0x80002a18                udd_ep_is_halted
 *fill*         0x80002a46        0x2 d703d703
 .text.udd_ep_set_halt
                0x80002a48       0x54 src/ASF/avr32/drivers/usbc/usbc_device.o
                0x80002a48                udd_ep_set_halt
 .text.udd_ep_clear_halt
                0x80002a9c       0xcc src/ASF/avr32/drivers/usbc/usbc_device.o
                0x80002a9c                udd_ep_clear_halt
 .text.udd_ep_run
                0x80002b68      0x1bc src/ASF/avr32/drivers/usbc/usbc_device.o
                0x80002b68                udd_ep_run
 .text.udd_ep_abort
                0x80002d24       0xdc src/ASF/avr32/drivers/usbc/usbc_device.o
                0x80002d24                udd_ep_abort
 .text.udd_reset_ep_ctrl
                0x80002e00      0x148 src/ASF/avr32/drivers/usbc/usbc_device.o
 .text.udd_ctrl_init
                0x80002f48       0x3c src/ASF/avr32/drivers/usbc/usbc_device.o
 .text.udd_ctrl_setup_received
                0x80002f84      0x134 src/ASF/avr32/drivers/usbc/usbc_device.o
 .text.udd_ctrl_in_sent
                0x800030b8      0x180 src/ASF/avr32/drivers/usbc/usbc_device.o
 .text.udd_ctrl_out_received
                0x80003238      0x1bc src/ASF/avr32/drivers/usbc/usbc_device.o
 .text.udd_ctrl_underflow
                0x800033f4       0x44 src/ASF/avr32/drivers/usbc/usbc_device.o
 .text.udd_ctrl_overflow
                0x80003438       0x34 src/ASF/avr32/drivers/usbc/usbc_device.o
 .text.udd_ctrl_stall_data
                0x8000346c       0x20 src/ASF/avr32/drivers/usbc/usbc_device.o
 .text.udd_ctrl_send_zlp_in
                0x8000348c       0x64 src/ASF/avr32/drivers/usbc/usbc_device.o
 .text.udd_ctrl_send_zlp_out
                0x800034f0       0x44 src/ASF/avr32/drivers/usbc/usbc_device.o
 .text.udd_ctrl_endofrequest
                0x80003534       0x1c src/ASF/avr32/drivers/usbc/usbc_device.o
 .text.udd_ctrl_interrupt
                0x80003550       0xc8 src/ASF/avr32/drivers/usbc/usbc_device.o
 .text.udd_ep_trans_done
                0x80003618      0x554 src/ASF/avr32/drivers/usbc/usbc_device.o
 .text.udd_ep_interrupt
                0x80003b6c       0xa0 src/ASF/avr32/drivers/usbc/usbc_device.o
 .text.sysclk_get_main_hz
                0x80003c0c       0x10 src/ASF/avr32/services/network/can/can.o
 .text.sysclk_get_cpu_hz
                0x80003c1c       0x18 src/ASF/avr32/services/network/can/can.o
 .text.can_init
                0x80003c34      0x3bc src/ASF/avr32/services/network/can/can.o
                0x80003c34                can_init
 .text.can_mob_alloc
                0x80003ff0      0x178 src/ASF/avr32/services/network/can/can.o
                0x80003ff0                can_mob_alloc
 .text.can_mob_free
                0x80004168       0x88 src/ASF/avr32/services/network/can/can.o
                0x80004168                can_mob_free
 .text.can_tx   0x800041f0      0x2e0 src/ASF/avr32/services/network/can/can.o
                0x800041f0                can_tx
 .text.can_rx   0x800044d0      0x228 src/ASF/avr32/services/network/can/can.o
                0x800044d0                can_rx
 .text.can_get_mob_data
                0x800046f8       0x3e src/ASF/avr32/services/network/can/can.o
                0x800046f8                can_get_mob_data
 .text.can_get_mob_dlc
                0x80004736       0x46 src/ASF/avr32/services/network/can/can.o
                0x80004736                can_get_mob_dlc
 .text.can_get_mob_id
                0x8000477c       0x3e src/ASF/avr32/services/network/can/can.o
                0x8000477c                can_get_mob_id
 .text.cpu_irq_save
                0x800047ba       0x1e src/ASF/common/services/clock/uc3c/osc.o
 .text.cpu_irq_is_enabled_flags
                0x800047d8       0x20 src/ASF/common/services/clock/uc3c/osc.o
 .text.cpu_irq_restore
                0x800047f8       0x28 src/ASF/common/services/clock/uc3c/osc.o
 .text.osc_priv_enable_osc0
                0x80004820       0x40 src/ASF/common/services/clock/uc3c/osc.o
                0x80004820                osc_priv_enable_osc0
 .text.osc_priv_enable_osc32
                0x80004860       0x40 src/ASF/common/services/clock/uc3c/osc.o
                0x80004860                osc_priv_enable_osc32
 .text.osc_priv_enable_rc8m
                0x800048a0       0x84 src/ASF/common/services/clock/uc3c/osc.o
                0x800048a0                osc_priv_enable_rc8m
 .text.osc_priv_enable_rc120m
                0x80004924       0x40 src/ASF/common/services/clock/uc3c/osc.o
                0x80004924                osc_priv_enable_rc120m
 .text.cpu_irq_save
                0x80004964       0x1e src/ASF/common/services/clock/uc3c/pll.o
 .text.cpu_irq_is_enabled_flags
                0x80004982       0x20 src/ASF/common/services/clock/uc3c/pll.o
 *fill*         0x800049a2        0x2 d703d703
 .text.cpu_irq_restore
                0x800049a4       0x28 src/ASF/common/services/clock/uc3c/pll.o
 .text.pll_enable
                0x800049cc       0x58 src/ASF/common/services/clock/uc3c/pll.o
                0x800049cc                pll_enable
 .text.osc_enable
                0x80004a24       0x58 src/ASF/common/services/clock/uc3c/sysclk.o
 .text.osc_is_ready
                0x80004a7c       0x7c src/ASF/common/services/clock/uc3c/sysclk.o
 .text.osc_get_rate
                0x80004af8       0x62 src/ASF/common/services/clock/uc3c/sysclk.o
 *fill*         0x80004b5a        0x2 d703d703
 .text.osc_wait_ready
                0x80004b5c       0x2c src/ASF/common/services/clock/uc3c/sysclk.o
 .text.pll_config_set_option
                0x80004b88       0x30 src/ASF/common/services/clock/uc3c/sysclk.o
 .text.pll_config_init
                0x80004bb8       0xe0 src/ASF/common/services/clock/uc3c/sysclk.o
 .text.pll_is_locked
                0x80004c98       0x2e src/ASF/common/services/clock/uc3c/sysclk.o
 *fill*         0x80004cc6        0x2 d703d703
 .text.pll_enable_source
                0x80004cc8       0x90 src/ASF/common/services/clock/uc3c/sysclk.o
 .text.pll_enable_config_defaults
                0x80004d58       0x74 src/ASF/common/services/clock/uc3c/sysclk.o
 .text.genclk_config_defaults
                0x80004dcc       0x1e src/ASF/common/services/clock/uc3c/sysclk.o
 .text.genclk_config_set_source
                0x80004dea       0x30 src/ASF/common/services/clock/uc3c/sysclk.o
 .text.genclk_config_set_divider
                0x80004e1a       0x60 src/ASF/common/services/clock/uc3c/sysclk.o
 .text.genclk_enable
                0x80004e7a       0x2c src/ASF/common/services/clock/uc3c/sysclk.o
 *fill*         0x80004ea6        0x2 d703d703
 .text.genclk_enable_source
                0x80004ea8       0xa4 src/ASF/common/services/clock/uc3c/sysclk.o
 .text.genclk_enable_config
                0x80004f4c       0x70 src/ASF/common/services/clock/uc3c/sysclk.o
 .text.sysclk_enable_usb
                0x80004fbc       0x18 src/ASF/common/services/clock/uc3c/sysclk.o
                0x80004fbc                sysclk_enable_usb
 .text.cpu_irq_save
                0x80004fd4       0x1e src/ASF/common/services/usb/class/cdc/device/udi_cdc.o
 .text.cpu_irq_is_enabled_flags
                0x80004ff2       0x20 src/ASF/common/services/usb/class/cdc/device/udi_cdc.o
 *fill*         0x80005012        0x2 d703d703
 .text.cpu_irq_restore
                0x80005014       0x28 src/ASF/common/services/usb/class/cdc/device/udi_cdc.o
 .text.udi_cdc_comm_enable
                0x8000503c      0x1a4 src/ASF/common/services/usb/class/cdc/device/udi_cdc.o
                0x8000503c                udi_cdc_comm_enable
 .text.udi_cdc_data_enable
                0x800051e0      0x128 src/ASF/common/services/usb/class/cdc/device/udi_cdc.o
                0x800051e0                udi_cdc_data_enable
 .text.udi_cdc_comm_disable
                0x80005308       0x1c src/ASF/common/services/usb/class/cdc/device/udi_cdc.o
                0x80005308                udi_cdc_comm_disable
 .text.udi_cdc_data_disable
                0x80005324       0x3c src/ASF/common/services/usb/class/cdc/device/udi_cdc.o
                0x80005324                udi_cdc_data_disable
 .text.udi_cdc_comm_setup
                0x80005360       0xe8 src/ASF/common/services/usb/class/cdc/device/udi_cdc.o
                0x80005360                udi_cdc_comm_setup
 .text.udi_cdc_data_setup
                0x80005448        0xe src/ASF/common/services/usb/class/cdc/device/udi_cdc.o
                0x80005448                udi_cdc_data_setup
 .text.udi_cdc_getsetting
                0x80005456        0xe src/ASF/common/services/usb/class/cdc/device/udi_cdc.o
                0x80005456                udi_cdc_getsetting
 .text.udi_cdc_data_sof_notify
                0x80005464       0x1c src/ASF/common/services/usb/class/cdc/device/udi_cdc.o
                0x80005464                udi_cdc_data_sof_notify
 .text.udi_cdc_setup_to_port
                0x80005480       0x34 src/ASF/common/services/usb/class/cdc/device/udi_cdc.o
 .text.udi_cdc_line_coding_received
                0x800054b4       0x1c src/ASF/common/services/usb/class/cdc/device/udi_cdc.o
 .text.udi_cdc_rx_start
                0x800054d0      0x12c src/ASF/common/services/usb/class/cdc/device/udi_cdc.o
 .text.udi_cdc_data_received
                0x800055fc       0xe0 src/ASF/common/services/usb/class/cdc/device/udi_cdc.o
 .text.udi_cdc_data_sent
                0x800056dc       0x9c src/ASF/common/services/usb/class/cdc/device/udi_cdc.o
 .text.udi_cdc_tx_send
                0x80005778      0x248 src/ASF/common/services/usb/class/cdc/device/udi_cdc.o
 .text.udi_cdc_multi_get_nb_received_data
                0x800059c0       0x84 src/ASF/common/services/usb/class/cdc/device/udi_cdc.o
                0x800059c0                udi_cdc_multi_get_nb_received_data
 .text.udi_cdc_multi_is_rx_ready
                0x80005a44       0x2c src/ASF/common/services/usb/class/cdc/device/udi_cdc.o
                0x80005a44                udi_cdc_multi_is_rx_ready
 .text.udi_cdc_is_rx_ready
                0x80005a70       0x18 src/ASF/common/services/usb/class/cdc/device/udi_cdc.o
                0x80005a70                udi_cdc_is_rx_ready
 .text.udi_cdc_multi_getc
                0x80005a88      0x158 src/ASF/common/services/usb/class/cdc/device/udi_cdc.o
                0x80005a88                udi_cdc_multi_getc
 .text.udi_cdc_getc
                0x80005be0       0x18 src/ASF/common/services/usb/class/cdc/device/udi_cdc.o
                0x80005be0                udi_cdc_getc
 .text.udi_cdc_multi_get_free_tx_buffer
                0x80005bf8       0xdc src/ASF/common/services/usb/class/cdc/device/udi_cdc.o
                0x80005bf8                udi_cdc_multi_get_free_tx_buffer
 .text.udi_cdc_multi_is_tx_ready
                0x80005cd4       0x2c src/ASF/common/services/usb/class/cdc/device/udi_cdc.o
                0x80005cd4                udi_cdc_multi_is_tx_ready
 .text.udi_cdc_is_tx_ready
                0x80005d00       0x18 src/ASF/common/services/usb/class/cdc/device/udi_cdc.o
                0x80005d00                udi_cdc_is_tx_ready
 .text.udi_cdc_multi_putc
                0x80005d18      0x12c src/ASF/common/services/usb/class/cdc/device/udi_cdc.o
                0x80005d18                udi_cdc_multi_putc
 .text.udi_cdc_putc
                0x80005e44       0x24 src/ASF/common/services/usb/class/cdc/device/udi_cdc.o
                0x80005e44                udi_cdc_putc
 .text.udc_get_eof_conf
                0x80005e68       0x34 src/ASF/common/services/usb/udc/udc.o
 .text.udc_next_desc_in_iface
                0x80005e9c       0x88 src/ASF/common/services/usb/udc/udc.o
 .text.udc_update_iface_desc
                0x80005f24       0xb8 src/ASF/common/services/usb/udc/udc.o
 .text.udc_iface_disable
                0x80005fdc       0xbc src/ASF/common/services/usb/udc/udc.o
 .text.udc_iface_enable
                0x80006098       0xc8 src/ASF/common/services/usb/udc/udc.o
 .text.udc_start
                0x80006160       0x14 src/ASF/common/services/usb/udc/udc.o
                0x80006160                udc_start
 .text.udc_reset
                0x80006174       0x64 src/ASF/common/services/usb/udc/udc.o
                0x80006174                udc_reset
 .text.udc_sof_notify
                0x800061d8       0x70 src/ASF/common/services/usb/udc/udc.o
                0x800061d8                udc_sof_notify
 .text.udc_req_std_dev_get_status
                0x80006248       0x34 src/ASF/common/services/usb/udc/udc.o
 .text.udc_req_std_ep_get_status
                0x8000627c       0x58 src/ASF/common/services/usb/udc/udc.o
 .text.udc_req_std_dev_clear_feature
                0x800062d4       0x40 src/ASF/common/services/usb/udc/udc.o
 .text.udc_req_std_ep_clear_feature
                0x80006314       0x3c src/ASF/common/services/usb/udc/udc.o
 .text.udc_req_std_dev_set_feature
                0x80006350       0x2c src/ASF/common/services/usb/udc/udc.o
 .text.udc_req_std_ep_set_feature
                0x8000637c       0x4c src/ASF/common/services/usb/udc/udc.o
 .text.udc_valid_address
                0x800063c8       0x24 src/ASF/common/services/usb/udc/udc.o
 .text.udc_req_std_dev_set_address
                0x800063ec       0x28 src/ASF/common/services/usb/udc/udc.o
 .text.udc_req_std_dev_get_str_desc
                0x80006414       0xdc src/ASF/common/services/usb/udc/udc.o
 .text.udc_req_std_dev_get_descriptor
                0x800064f0      0x11c src/ASF/common/services/usb/udc/udc.o
 .text.udc_req_std_dev_get_configuration
                0x8000660c       0x34 src/ASF/common/services/usb/udc/udc.o
 .text.udc_req_std_dev_set_configuration
                0x80006640       0xd0 src/ASF/common/services/usb/udc/udc.o
 .text.udc_req_std_iface_get_setting
                0x80006710       0xac src/ASF/common/services/usb/udc/udc.o
 .text.udc_req_std_iface_set_setting
                0x800067bc       0x74 src/ASF/common/services/usb/udc/udc.o
 .text.udc_reqstd
                0x80006830      0x154 src/ASF/common/services/usb/udc/udc.o
 .text.udc_req_iface
                0x80006984       0xac src/ASF/common/services/usb/udc/udc.o
 .text.udc_req_ep
                0x80006a30       0xa8 src/ASF/common/services/usb/udc/udc.o
 .text.udc_process_setup
                0x80006ad8       0x98 src/ASF/common/services/usb/udc/udc.o
                0x80006ad8                udc_process_setup
 .text._read    0x80006b70       0x74 src/ASF/common/utils/stdio/read.o
                0x80006b70                _read
 .text.stdio_usb_putchar
                0x80006be4       0x48 src/ASF/common/utils/stdio/stdio_usb/stdio_usb.o
                0x80006be4                stdio_usb_putchar
 .text.stdio_usb_getchar
                0x80006c2c       0x44 src/ASF/common/utils/stdio/stdio_usb/stdio_usb.o
                0x80006c2c                stdio_usb_getchar
 .text.stdio_usb_enable
                0x80006c70       0x18 src/ASF/common/utils/stdio/stdio_usb/stdio_usb.o
                0x80006c70                stdio_usb_enable
 .text.stdio_usb_disable
                0x80006c88       0x14 src/ASF/common/utils/stdio/stdio_usb/stdio_usb.o
                0x80006c88                stdio_usb_disable
 .text.stdio_usb_init
                0x80006c9c       0x5c src/ASF/common/utils/stdio/stdio_usb/stdio_usb.o
                0x80006c9c                stdio_usb_init
 .text._write   0x80006cf8       0x90 src/ASF/common/utils/stdio/write.o
                0x80006cf8                _write
 .text          0x80006d88       0x84 src/CDHScheduler/CANManager.o
 .text.CANManager
                0x80006e0c      0x17c src/CDHScheduler/CANManager.o
                0x80006e0c                CANManager
 .text.AddToRXQueue
                0x80006f88      0x114 src/CDHScheduler/CANManager.o
                0x80006f88                AddToRXQueue
 .text.AddToTXQueue
                0x8000709c      0x114 src/CDHScheduler/CANManager.o
                0x8000709c                AddToTXQueue
 .text.GetNextCANTXMessage
                0x800071b0      0x110 src/CDHScheduler/CANManager.o
                0x800071b0                GetNextCANTXMessage
 .text.HandleMessage
                0x800072c0       0xe0 src/CDHScheduler/CANManager.o
                0x800072c0                HandleMessage
 .text          0x800073a0       0x18 src/CDHScheduler/CDHSchedulerMain.o
 .text.SchedulerSetup
                0x800073b8       0xc0 src/CDHScheduler/CDHSchedulerMain.o
                0x800073b8                SchedulerSetup
 .text          0x80007478       0x2c src/CDHScheduler/PayloadData.o
 .text.HandlePayloadMessage
                0x800074a4      0x128 src/CDHScheduler/PayloadData.o
                0x800074a4                HandlePayloadMessage
 .text          0x800075cc       0x9c src/CDHScheduler/PeriodicTaskRunner.o
 .text.startPeriodicTasks
                0x80007668      0x144 src/CDHScheduler/PeriodicTaskRunner.o
                0x80007668                startPeriodicTasks
 .text          0x800077ac       0x10 src/CDHScheduler/PowerMonitor.o
 .text.GetPower
                0x800077bc       0x14 src/CDHScheduler/PowerMonitor.o
                0x800077bc                GetPower
 .text.PowerMonitorInit
                0x800077d0       0x78 src/CDHScheduler/PowerMonitor.o
                0x800077d0                PowerMonitorInit
 .text.Disable  0x80007848       0x28 src/CDHScheduler/PowerMonitor.o
                0x80007848                Disable
 .text.Enable   0x80007870       0x28 src/CDHScheduler/PowerMonitor.o
                0x80007870                Enable
 .text.PowerMonitor
                0x80007898       0xc8 src/CDHScheduler/PowerMonitor.o
                0x80007898                PowerMonitor
 .text          0x80007960       0x7c src/CDHScheduler/TaskWrite.o
 .text.MockInput
                0x800079dc      0x1ec src/CDHScheduler/TaskWrite.o
                0x800079dc                MockInput
 .text          0x80007bc8      0x100 src/CDHScheduler/TimeDelayedTasks.o
 .text.AddToTimeDelayedTaskQueue
                0x80007cc8      0x2b4 src/CDHScheduler/TimeDelayedTasks.o
                0x80007cc8                AddToTimeDelayedTaskQueue
 .text.TimeDelayedTaskManager
                0x80007f7c      0x140 src/CDHScheduler/TimeDelayedTasks.o
                0x80007f7c                TimeDelayedTaskManager
 .text.TurnOnWellCommand
                0x800080bc       0x54 src/CDHScheduler/TimeDelayedTasks.o
                0x800080bc                TurnOnWellCommand
 .text.RemoveFromQueue
                0x80008110      0x128 src/CDHScheduler/TimeDelayedTasks.o
                0x80008110                RemoveFromQueue
 .text          0x80008238       0x78 src/main.o
 .text.main     0x800082b0       0xe4 src/main.o
                0x800082b0                main
 .text.SerialRead
                0x80008394       0x7c src/main.o
                0x80008394                SerialRead
 .text.SerialPrint
                0x80008410       0xb4 src/main.o
                0x80008410                SerialPrint
 .text.SerialPrintInt
                0x800084c4       0x64 src/main.o
                0x800084c4                SerialPrintInt
 .text.vBlinking
                0x80008528       0x54 src/main.o
 .text.cdh_printf
                0x8000857c       0x6c src/main.o
 .text.cdh_printInt
                0x800085e8       0x3c src/main.o
 .text.cdh_getchar
                0x80008624       0x40 src/main.o
 .text.cdh_can_init
                0x80008664       0x8c src/main.o
 .text.CANMonitor
                0x800086f0      0x284 src/main.o
                0x800086f0                CANMonitor
 .text.flashc_set_wait_state
                0x80008974       0x46 src/ASF/avr32/drivers/flashc/flashc.o
                0x80008974                flashc_set_wait_state
 .text.flashc_is_ready
                0x800089ba       0x18 src/ASF/avr32/drivers/flashc/flashc.o
                0x800089ba                flashc_is_ready
 *fill*         0x800089d2        0x2 d703d703
 .text.flashc_default_wait_until_ready
                0x800089d4       0x1c src/ASF/avr32/drivers/flashc/flashc.o
                0x800089d4                flashc_default_wait_until_ready
 .text.flashc_get_error_status
                0x800089f0       0x16 src/ASF/avr32/drivers/flashc/flashc.o
 *fill*         0x80008a06        0x2 d703d703
 .text.flashc_issue_command
                0x80008a08       0x88 src/ASF/avr32/drivers/flashc/flashc.o
                0x80008a08                flashc_issue_command
 .text.flashc_set_flash_waitstate_and_readmode
                0x80008a90       0x68 src/ASF/avr32/drivers/flashc/flashc.o
                0x80008a90                flashc_set_flash_waitstate_and_readmode
 .text.gpio_enable_module
                0x80008af8       0x70 src/ASF/avr32/drivers/gpio/gpio.o
                0x80008af8                gpio_enable_module
 .text.gpio_enable_module_pin
                0x80008b68      0x27c src/ASF/avr32/drivers/gpio/gpio.o
                0x80008b68                gpio_enable_module_pin
 .text.gpio_enable_gpio_pin
                0x80008de4       0x50 src/ASF/avr32/drivers/gpio/gpio.o
                0x80008de4                gpio_enable_gpio_pin
 .text.gpio_configure_pin
                0x80008e34      0x29e src/ASF/avr32/drivers/gpio/gpio.o
                0x80008e34                gpio_configure_pin
 .text.gpio_set_pin_high
                0x800090d2       0x3a src/ASF/avr32/drivers/gpio/gpio.o
                0x800090d2                gpio_set_pin_high
 .text.gpio_set_pin_low
                0x8000910c       0x3a src/ASF/avr32/drivers/gpio/gpio.o
                0x8000910c                gpio_set_pin_low
 .text._unhandled_interrupt
                0x80009146        0x8 src/ASF/avr32/drivers/intc/intc.o
 *fill*         0x8000914e        0x2 d703d703
 .text._get_interrupt_handler
                0x80009150       0x7c src/ASF/avr32/drivers/intc/intc.o
                0x80009150                _get_interrupt_handler
 .text.INTC_init_evba
                0x800091cc       0x14 src/ASF/avr32/drivers/intc/intc.o
 .text.INTC_init_interrupts
                0x800091e0       0x9c src/ASF/avr32/drivers/intc/intc.o
                0x800091e0                INTC_init_interrupts
 .text.INTC_register_interrupt
                0x8000927c       0xd4 src/ASF/avr32/drivers/intc/intc.o
                0x8000927c                INTC_register_interrupt
 .text.cpu_irq_is_enabled_flags
                0x80009350       0x20 src/ASF/avr32/drivers/pm/pm_uc3c.o
 .text.pm_set_mclk_source
                0x80009370       0x50 src/ASF/avr32/drivers/pm/pm_uc3c.o
                0x80009370                pm_set_mclk_source
 .text.pcl_switch_to_osc
                0x800093c0       0x60 src/ASF/avr32/drivers/pm/power_clocks_lib.o
                0x800093c0                pcl_switch_to_osc
 .text.cpu_irq_is_enabled_flags
                0x80009420       0x20 src/ASF/avr32/drivers/scif/scif_uc3c.o
 .text.scif_pclksr_statushigh_wait
                0x80009440       0x46 src/ASF/avr32/drivers/scif/scif_uc3c.o
 *fill*         0x80009486        0x2 d703d703
 .text.scif_configure_osc_crystalmode
                0x80009488      0x168 src/ASF/avr32/drivers/scif/scif_uc3c.o
                0x80009488                scif_configure_osc_crystalmode
 .text.scif_enable_osc
                0x800095f0      0x104 src/ASF/avr32/drivers/scif/scif_uc3c.o
                0x800095f0                scif_enable_osc
 .text.scif_stop_gclk
                0x800096f4       0x6a src/ASF/avr32/drivers/scif/scif_uc3c.o
                0x800096f4                scif_stop_gclk
 *fill*         0x8000975e        0x2 d703d703
 .text.scif_gc_setup
                0x80009760       0xc4 src/ASF/avr32/drivers/scif/scif_uc3c.o
                0x80009760                scif_gc_setup
 .text.scif_gc_enable
                0x80009824       0x48 src/ASF/avr32/drivers/scif/scif_uc3c.o
                0x80009824                scif_gc_enable
 .text.vListInitialise
                0x8000986c       0x4c src/ASF/thirdparty/freertos/freertos-7.0.0/source/list.o
                0x8000986c                vListInitialise
 .text.vListInitialiseItem
                0x800098b8       0x1a src/ASF/thirdparty/freertos/freertos-7.0.0/source/list.o
                0x800098b8                vListInitialiseItem
 .text.vListInsertEnd
                0x800098d2       0x72 src/ASF/thirdparty/freertos/freertos-7.0.0/source/list.o
                0x800098d2                vListInsertEnd
 .text.vListInsert
                0x80009944       0xa2 src/ASF/thirdparty/freertos/freertos-7.0.0/source/list.o
                0x80009944                vListInsert
 .text.vListRemove
                0x800099e6       0x6a src/ASF/thirdparty/freertos/freertos-7.0.0/source/list.o
                0x800099e6                vListRemove
 .text._init_startup
                0x80009a50       0x24 src/ASF/thirdparty/freertos/freertos-7.0.0/source/portable/gcc/avr32_uc3/port.o
                0x80009a50                _init_startup
 .text.__malloc_lock
                0x80009a74       0x1c src/ASF/thirdparty/freertos/freertos-7.0.0/source/portable/gcc/avr32_uc3/port.o
                0x80009a74                __malloc_lock
 .text.__malloc_unlock
                0x80009a90       0x1c src/ASF/thirdparty/freertos/freertos-7.0.0/source/portable/gcc/avr32_uc3/port.o
                0x80009a90                __malloc_unlock
 .text.vTick    0x80009aac       0x84 src/ASF/thirdparty/freertos/freertos-7.0.0/source/portable/gcc/avr32_uc3/port.o
 .text.SCALLYield
                0x80009b30       0x98 src/ASF/thirdparty/freertos/freertos-7.0.0/source/portable/gcc/avr32_uc3/port.o
                0x80009b30                SCALLYield
 .text.vPortEnterCritical
                0x80009bc8       0x1c src/ASF/thirdparty/freertos/freertos-7.0.0/source/portable/gcc/avr32_uc3/port.o
                0x80009bc8                vPortEnterCritical
 .text.vPortExitCritical
                0x80009be4       0x2c src/ASF/thirdparty/freertos/freertos-7.0.0/source/portable/gcc/avr32_uc3/port.o
                0x80009be4                vPortExitCritical
 .text.pxPortInitialiseStack
                0x80009c10      0x1a6 src/ASF/thirdparty/freertos/freertos-7.0.0/source/portable/gcc/avr32_uc3/port.o
                0x80009c10                pxPortInitialiseStack
 *fill*         0x80009db6        0x2 d703d703
 .text.xPortStartScheduler
                0x80009db8       0x48 src/ASF/thirdparty/freertos/freertos-7.0.0/source/portable/gcc/avr32_uc3/port.o
                0x80009db8                xPortStartScheduler
 .text.prvScheduleFirstTick
                0x80009e00       0x18 src/ASF/thirdparty/freertos/freertos-7.0.0/source/portable/gcc/avr32_uc3/port.o
 .text.prvClearCcInt
                0x80009e18       0x12 src/ASF/thirdparty/freertos/freertos-7.0.0/source/portable/gcc/avr32_uc3/port.o
 *fill*         0x80009e2a        0x2 d703d703
 .text.prvSetupTimerInterrupt
                0x80009e2c       0x28 src/ASF/thirdparty/freertos/freertos-7.0.0/source/portable/gcc/avr32_uc3/port.o
 .text.pvPortMalloc
                0x80009e54       0x3c src/ASF/thirdparty/freertos/freertos-7.0.0/source/portable/memmang/heap_3.o
                0x80009e54                pvPortMalloc
 .text.vPortFree
                0x80009e90       0x38 src/ASF/thirdparty/freertos/freertos-7.0.0/source/portable/memmang/heap_3.o
                0x80009e90                vPortFree
 .text.xQueueCreateMutex
                0x80009ec8       0xa8 src/ASF/thirdparty/freertos/freertos-7.0.0/source/queue.o
                0x80009ec8                xQueueCreateMutex
 .text.xQueueGenericSend
                0x80009f70      0x168 src/ASF/thirdparty/freertos/freertos-7.0.0/source/queue.o
                0x80009f70                xQueueGenericSend
 .text.xQueueGenericReceive
                0x8000a0d8      0x1ec src/ASF/thirdparty/freertos/freertos-7.0.0/source/queue.o
                0x8000a0d8                xQueueGenericReceive
 .text.prvCopyDataToQueue
                0x8000a2c4      0x104 src/ASF/thirdparty/freertos/freertos-7.0.0/source/queue.o
 .text.prvCopyDataFromQueue
                0x8000a3c8       0x6c src/ASF/thirdparty/freertos/freertos-7.0.0/source/queue.o
 .text.prvUnlockQueue
                0x8000a434       0xd0 src/ASF/thirdparty/freertos/freertos-7.0.0/source/queue.o
 .text.prvIsQueueEmpty
                0x8000a504       0x38 src/ASF/thirdparty/freertos/freertos-7.0.0/source/queue.o
 .text.prvIsQueueFull
                0x8000a53c       0x3c src/ASF/thirdparty/freertos/freertos-7.0.0/source/queue.o
 .text          0x8000a578        0x8 src/ASF/thirdparty/freertos/freertos-7.0.0/source/tasks.o
 .text.xTaskGenericCreate
                0x8000a580      0x1c8 src/ASF/thirdparty/freertos/freertos-7.0.0/source/tasks.o
                0x8000a580                xTaskGenericCreate
 .text.vTaskDelayUntil
                0x8000a748       0xe0 src/ASF/thirdparty/freertos/freertos-7.0.0/source/tasks.o
                0x8000a748                vTaskDelayUntil
 .text.vTaskDelay
                0x8000a828       0x74 src/ASF/thirdparty/freertos/freertos-7.0.0/source/tasks.o
                0x8000a828                vTaskDelay
 .text.vTaskSuspend
                0x8000a89c       0xc0 src/ASF/thirdparty/freertos/freertos-7.0.0/source/tasks.o
                0x8000a89c                vTaskSuspend
 .text.xTaskIsTaskSuspended
                0x8000a95c       0x58 src/ASF/thirdparty/freertos/freertos-7.0.0/source/tasks.o
                0x8000a95c                xTaskIsTaskSuspended
 .text.vTaskResume
                0x8000a9b4       0xc4 src/ASF/thirdparty/freertos/freertos-7.0.0/source/tasks.o
                0x8000a9b4                vTaskResume
 .text.vTaskStartScheduler
                0x8000aa78       0x64 src/ASF/thirdparty/freertos/freertos-7.0.0/source/tasks.o
                0x8000aa78                vTaskStartScheduler
 .text.vTaskSuspendAll
                0x8000aadc       0x1c src/ASF/thirdparty/freertos/freertos-7.0.0/source/tasks.o
                0x8000aadc                vTaskSuspendAll
 .text.xTaskResumeAll
                0x8000aaf8      0x128 src/ASF/thirdparty/freertos/freertos-7.0.0/source/tasks.o
                0x8000aaf8                xTaskResumeAll
 .text.xTaskGetTickCount
                0x8000ac20       0x30 src/ASF/thirdparty/freertos/freertos-7.0.0/source/tasks.o
                0x8000ac20                xTaskGetTickCount
 .text.vTaskIncrementTick
                0x8000ac50      0x160 src/ASF/thirdparty/freertos/freertos-7.0.0/source/tasks.o
                0x8000ac50                vTaskIncrementTick
 .text.vTaskSwitchContext
                0x8000adb0       0xb0 src/ASF/thirdparty/freertos/freertos-7.0.0/source/tasks.o
                0x8000adb0                vTaskSwitchContext
 .text.vTaskPlaceOnEventList
                0x8000ae60       0x80 src/ASF/thirdparty/freertos/freertos-7.0.0/source/tasks.o
                0x8000ae60                vTaskPlaceOnEventList
 .text.xTaskRemoveFromEventList
                0x8000aee0       0xd0 src/ASF/thirdparty/freertos/freertos-7.0.0/source/tasks.o
                0x8000aee0                xTaskRemoveFromEventList
 .text.vTaskSetTimeOutState
                0x8000afb0       0x30 src/ASF/thirdparty/freertos/freertos-7.0.0/source/tasks.o
                0x8000afb0                vTaskSetTimeOutState
 .text.xTaskCheckForTimeOut
                0x8000afe0       0xb8 src/ASF/thirdparty/freertos/freertos-7.0.0/source/tasks.o
                0x8000afe0                xTaskCheckForTimeOut
 .text.vTaskMissedYield
                0x8000b098       0x14 src/ASF/thirdparty/freertos/freertos-7.0.0/source/tasks.o
                0x8000b098                vTaskMissedYield
 .text.prvIdleTask
                0x8000b0ac       0x18 src/ASF/thirdparty/freertos/freertos-7.0.0/source/tasks.o
 .text.prvInitialiseTCBVariables
                0x8000b0c4       0xa8 src/ASF/thirdparty/freertos/freertos-7.0.0/source/tasks.o
 .text.prvInitialiseTaskLists
                0x8000b16c       0x94 src/ASF/thirdparty/freertos/freertos-7.0.0/source/tasks.o
 .text.prvCheckTasksWaitingTermination
                0x8000b200       0x98 src/ASF/thirdparty/freertos/freertos-7.0.0/source/tasks.o
 .text.prvAddCurrentTaskToDelayedList
                0x8000b298       0x80 src/ASF/thirdparty/freertos/freertos-7.0.0/source/tasks.o
 .text.prvAllocateTCBAndStack
                0x8000b318       0x94 src/ASF/thirdparty/freertos/freertos-7.0.0/source/tasks.o
 .text.prvDeleteTCB
                0x8000b3ac       0x2c src/ASF/thirdparty/freertos/freertos-7.0.0/source/tasks.o
 .text.xTaskGetCurrentTaskHandle
                0x8000b3d8       0x20 src/ASF/thirdparty/freertos/freertos-7.0.0/source/tasks.o
                0x8000b3d8                xTaskGetCurrentTaskHandle
 .text.vTaskPriorityInherit
                0x8000b3f8       0xd4 src/ASF/thirdparty/freertos/freertos-7.0.0/source/tasks.o
                0x8000b3f8                vTaskPriorityInherit
 .text.vTaskPriorityDisinherit
                0x8000b4cc       0xac src/ASF/thirdparty/freertos/freertos-7.0.0/source/tasks.o
                0x8000b4cc                vTaskPriorityDisinherit
 .text          0x8000b578      0x264 c:/program files (x86)/atmel/studio/7.0/toolchain/avr32/avr32-gnu-toolchain/bin/../lib/gcc/avr32/4.4.7/ucr3fp\libgcc.a(_udivdi3.o)
                0x8000b578                __avr32_udiv64
                0x8000b578                __udivdi3
 .text.atexit   0x8000b7dc       0x10 c:/program files (x86)/atmel/studio/7.0/toolchain/avr32/avr32-gnu-toolchain/bin/../lib/gcc/avr32/4.4.7/../../../../avr32/lib/ucr3fp\libc.a(lib_a-atexit.o)
                                 0x14 (size before relaxing)
                0x8000b7dc                atexit
 .text.exit     0x8000b7ec       0x20 c:/program files (x86)/atmel/studio/7.0/toolchain/avr32/avr32-gnu-toolchain/bin/../lib/gcc/avr32/4.4.7/../../../../avr32/lib/ucr3fp\libc.a(lib_a-exit.o)
                                 0x28 (size before relaxing)
                0x8000b7ec                exit
 .text.free     0x8000b80c       0x10 c:/program files (x86)/atmel/studio/7.0/toolchain/avr32/avr32-gnu-toolchain/bin/../lib/gcc/avr32/4.4.7/../../../../avr32/lib/ucr3fp\libc.a(lib_a-malloc.o)
                                 0x18 (size before relaxing)
                0x8000b80c                free
 .text.malloc   0x8000b81c       0x10 c:/program files (x86)/atmel/studio/7.0/toolchain/avr32/avr32-gnu-toolchain/bin/../lib/gcc/avr32/4.4.7/../../../../avr32/lib/ucr3fp\libc.a(lib_a-malloc.o)
                                 0x18 (size before relaxing)
                0x8000b81c                malloc
 .text._malloc_r
                0x8000b82c      0x438 c:/program files (x86)/atmel/studio/7.0/toolchain/avr32/avr32-gnu-toolchain/bin/../lib/gcc/avr32/4.4.7/../../../../avr32/lib/ucr3fp\libc.a(lib_a-mallocr.o)
                                0x450 (size before relaxing)
                0x8000b82c                _malloc_r
 .text          0x8000bc64      0x148 c:/program files (x86)/atmel/studio/7.0/toolchain/avr32/avr32-gnu-toolchain/bin/../lib/gcc/avr32/4.4.7/../../../../avr32/lib/ucr3fp\libc.a(lib_a-memcpy.o)
                0x8000bc64                memcpy
 .text.memset   0x8000bdac        0xe c:/program files (x86)/atmel/studio/7.0/toolchain/avr32/avr32-gnu-toolchain/bin/../lib/gcc/avr32/4.4.7/../../../../avr32/lib/ucr3fp\libc.a(lib_a-memset.o)
                0x8000bdac                memset
 *fill*         0x8000bdba        0x2 d703d703
 .text.printf   0x8000bdbc       0x2c c:/program files (x86)/atmel/studio/7.0/toolchain/avr32/avr32-gnu-toolchain/bin/../lib/gcc/avr32/4.4.7/../../../../avr32/lib/ucr3fp\libc.a(lib_a-printf.o)
                                 0x38 (size before relaxing)
                0x8000bdbc                printf
 .text._realloc_r
                0x8000bde8      0x2c0 c:/program files (x86)/atmel/studio/7.0/toolchain/avr32/avr32-gnu-toolchain/bin/../lib/gcc/avr32/4.4.7/../../../../avr32/lib/ucr3fp\libc.a(lib_a-reallocr.o)
                                0x2e0 (size before relaxing)
                0x8000bde8                _realloc_r
 .text._sbrk_r  0x8000c0a8       0x20 c:/program files (x86)/atmel/studio/7.0/toolchain/avr32/avr32-gnu-toolchain/bin/../lib/gcc/avr32/4.4.7/../../../../avr32/lib/ucr3fp\libc.a(lib_a-sbrkr.o)
                                 0x28 (size before relaxing)
                0x8000c0a8                _sbrk_r
 .text.setbuf   0x8000c0c8       0x14 c:/program files (x86)/atmel/studio/7.0/toolchain/avr32/avr32-gnu-toolchain/bin/../lib/gcc/avr32/4.4.7/../../../../avr32/lib/ucr3fp\libc.a(lib_a-setbuf.o)
                                 0x1c (size before relaxing)
                0x8000c0c8                setbuf
 .text.setvbuf  0x8000c0dc      0x110 c:/program files (x86)/atmel/studio/7.0/toolchain/avr32/avr32-gnu-toolchain/bin/../lib/gcc/avr32/4.4.7/../../../../avr32/lib/ucr3fp\libc.a(lib_a-setvbuf.o)
                                0x120 (size before relaxing)
                0x8000c0dc                setvbuf
 .text.sprintf  0x8000c1ec       0x3c c:/program files (x86)/atmel/studio/7.0/toolchain/avr32/avr32-gnu-toolchain/bin/../lib/gcc/avr32/4.4.7/../../../../avr32/lib/ucr3fp\libc.a(lib_a-sprintf.o)
                                 0x40 (size before relaxing)
                0x8000c1ec                sprintf
 .text.strcpy   0x8000c228       0x12 c:/program files (x86)/atmel/studio/7.0/toolchain/avr32/avr32-gnu-toolchain/bin/../lib/gcc/avr32/4.4.7/../../../../avr32/lib/ucr3fp\libc.a(lib_a-strcpy.o)
                0x8000c228                strcpy
 *fill*         0x8000c23a        0x2 d703d703
 .text          0x8000c23c       0x20 c:/program files (x86)/atmel/studio/7.0/toolchain/avr32/avr32-gnu-toolchain/bin/../lib/gcc/avr32/4.4.7/../../../../avr32/lib/ucr3fp\libc.a(lib_a-strncpy.o)
                0x8000c23c                strncpy
 .text._init_argv
                0x8000c25c        0xa c:/program files (x86)/atmel/studio/7.0/toolchain/avr32/avr32-gnu-toolchain/bin/../lib/gcc/avr32/4.4.7/../../../../avr32/lib/ucr3fp\libc.a(lib_a-syscalls.o)
                0x8000c25c                _init_argv
 .text._exit    0x8000c266        0xa c:/program files (x86)/atmel/studio/7.0/toolchain/avr32/avr32-gnu-toolchain/bin/../lib/gcc/avr32/4.4.7/../../../../avr32/lib/ucr3fp\libc.a(lib_a-syscalls.o)
                0x8000c266                _exit
 .text._close   0x8000c270       0x14 c:/program files (x86)/atmel/studio/7.0/toolchain/avr32/avr32-gnu-toolchain/bin/../lib/gcc/avr32/4.4.7/../../../../avr32/lib/ucr3fp\libc.a(lib_a-syscalls.o)
                                 0x18 (size before relaxing)
                0x8000c270                _close
 .text._lseek   0x8000c284       0x14 c:/program files (x86)/atmel/studio/7.0/toolchain/avr32/avr32-gnu-toolchain/bin/../lib/gcc/avr32/4.4.7/../../../../avr32/lib/ucr3fp\libc.a(lib_a-syscalls.o)
                                 0x18 (size before relaxing)
                0x8000c284                _lseek
 .text.isatty   0x8000c298       0x14 c:/program files (x86)/atmel/studio/7.0/toolchain/avr32/avr32-gnu-toolchain/bin/../lib/gcc/avr32/4.4.7/../../../../avr32/lib/ucr3fp\libc.a(lib_a-syscalls.o)
                                 0x18 (size before relaxing)
                0x8000c298                isatty
 .text._fstat_host
                0x8000c2ac       0x14 c:/program files (x86)/atmel/studio/7.0/toolchain/avr32/avr32-gnu-toolchain/bin/../lib/gcc/avr32/4.4.7/../../../../avr32/lib/ucr3fp\libc.a(lib_a-syscalls.o)
                                 0x18 (size before relaxing)
                0x8000c2ac                _fstat_host
 .text._fstat   0x8000c2c0       0x4c c:/program files (x86)/atmel/studio/7.0/toolchain/avr32/avr32-gnu-toolchain/bin/../lib/gcc/avr32/4.4.7/../../../../avr32/lib/ucr3fp\libc.a(lib_a-syscalls.o)
                                 0x50 (size before relaxing)
                0x8000c2c0                _fstat
 .text._sbrk    0x8000c30c       0x38 c:/program files (x86)/atmel/studio/7.0/toolchain/avr32/avr32-gnu-toolchain/bin/../lib/gcc/avr32/4.4.7/../../../../avr32/lib/ucr3fp\libc.a(lib_a-syscalls.o)
                                 0x40 (size before relaxing)
                0x8000c30c                _sbrk
 .text.get_arg  0x8000c344      0x314 c:/program files (x86)/atmel/studio/7.0/toolchain/avr32/avr32-gnu-toolchain/bin/../lib/gcc/avr32/4.4.7/../../../../avr32/lib/ucr3fp\libc.a(lib_a-vfprintf.o)
                                0x324 (size before relaxing)
 .text.__sprint_r
                0x8000c658       0x1c c:/program files (x86)/atmel/studio/7.0/toolchain/avr32/avr32-gnu-toolchain/bin/../lib/gcc/avr32/4.4.7/../../../../avr32/lib/ucr3fp\libc.a(lib_a-vfprintf.o)
                                 0x20 (size before relaxing)
 .text._vfprintf_r
                0x8000c674     0x1f14 c:/program files (x86)/atmel/studio/7.0/toolchain/avr32/avr32-gnu-toolchain/bin/../lib/gcc/avr32/4.4.7/../../../../avr32/lib/ucr3fp\libc.a(lib_a-vfprintf.o)
                               0x1f9c (size before relaxing)
                0x8000c674                _vfprintf_r
 .text.__swsetup_r
                0x8000e588       0xdc c:/program files (x86)/atmel/studio/7.0/toolchain/avr32/avr32-gnu-toolchain/bin/../lib/gcc/avr32/4.4.7/../../../../avr32/lib/ucr3fp\libc.a(lib_a-wsetup.o)
                                 0xe8 (size before relaxing)
                0x8000e588                __swsetup_r
 .text.__register_exitproc
                0x8000e664       0xa4 c:/program files (x86)/atmel/studio/7.0/toolchain/avr32/avr32-gnu-toolchain/bin/../lib/gcc/avr32/4.4.7/../../../../avr32/lib/ucr3fp\libc.a(lib_a-__atexit.o)
                                 0xac (size before relaxing)
                0x8000e664                __register_exitproc
 .text.__call_exitprocs
                0x8000e708       0xcc c:/program files (x86)/atmel/studio/7.0/toolchain/avr32/avr32-gnu-toolchain/bin/../lib/gcc/avr32/4.4.7/../../../../avr32/lib/ucr3fp\libc.a(lib_a-__call_atexit.o)
                                 0xd4 (size before relaxing)
                0x8000e708                __call_exitprocs
 .text.quorem   0x8000e7d4      0x120 c:/program files (x86)/atmel/studio/7.0/toolchain/avr32/avr32-gnu-toolchain/bin/../lib/gcc/avr32/4.4.7/../../../../avr32/lib/ucr3fp\libc.a(lib_a-dtoa.o)
                                0x124 (size before relaxing)
 .text._dtoa_r  0x8000e8f4      0xbdc c:/program files (x86)/atmel/studio/7.0/toolchain/avr32/avr32-gnu-toolchain/bin/../lib/gcc/avr32/4.4.7/../../../../avr32/lib/ucr3fp\libc.a(lib_a-dtoa.o)
                                0xc90 (size before relaxing)
                0x8000e8f4                _dtoa_r
 .text.__errno  0x8000f4d0        0xc c:/program files (x86)/atmel/studio/7.0/toolchain/avr32/avr32-gnu-toolchain/bin/../lib/gcc/avr32/4.4.7/../../../../avr32/lib/ucr3fp\libc.a(lib_a-errno.o)
                0x8000f4d0                __errno
 .text._fflush_r
                0x8000f4dc      0x10c c:/program files (x86)/atmel/studio/7.0/toolchain/avr32/avr32-gnu-toolchain/bin/../lib/gcc/avr32/4.4.7/../../../../avr32/lib/ucr3fp\libc.a(lib_a-fflush.o)
                                0x118 (size before relaxing)
                0x8000f4dc                _fflush_r
 .text.__sfp_lock_acquire
                0x8000f5e8        0x2 c:/program files (x86)/atmel/studio/7.0/toolchain/avr32/avr32-gnu-toolchain/bin/../lib/gcc/avr32/4.4.7/../../../../avr32/lib/ucr3fp\libc.a(lib_a-findfp.o)
                0x8000f5e8                __sfp_lock_acquire
 .text.__sfp_lock_release
                0x8000f5ea        0x2 c:/program files (x86)/atmel/studio/7.0/toolchain/avr32/avr32-gnu-toolchain/bin/../lib/gcc/avr32/4.4.7/../../../../avr32/lib/ucr3fp\libc.a(lib_a-findfp.o)
                0x8000f5ea                __sfp_lock_release
 .text._cleanup_r
                0x8000f5ec        0xc c:/program files (x86)/atmel/studio/7.0/toolchain/avr32/avr32-gnu-toolchain/bin/../lib/gcc/avr32/4.4.7/../../../../avr32/lib/ucr3fp\libc.a(lib_a-findfp.o)
                                 0x14 (size before relaxing)
                0x8000f5ec                _cleanup_r
 .text.__sfmoreglue
                0x8000f5f8       0x28 c:/program files (x86)/atmel/studio/7.0/toolchain/avr32/avr32-gnu-toolchain/bin/../lib/gcc/avr32/4.4.7/../../../../avr32/lib/ucr3fp\libc.a(lib_a-findfp.o)
                                 0x30 (size before relaxing)
                0x8000f5f8                __sfmoreglue
 .text.__sfp    0x8000f620       0x6c c:/program files (x86)/atmel/studio/7.0/toolchain/avr32/avr32-gnu-toolchain/bin/../lib/gcc/avr32/4.4.7/../../../../avr32/lib/ucr3fp\libc.a(lib_a-findfp.o)
                                 0x7c (size before relaxing)
                0x8000f620                __sfp
 .text.__sinit  0x8000f68c       0x9c c:/program files (x86)/atmel/studio/7.0/toolchain/avr32/avr32-gnu-toolchain/bin/../lib/gcc/avr32/4.4.7/../../../../avr32/lib/ucr3fp\libc.a(lib_a-findfp.o)
                                 0xb0 (size before relaxing)
                0x8000f68c                __sinit
 .text._malloc_trim_r
                0x8000f728       0x98 c:/program files (x86)/atmel/studio/7.0/toolchain/avr32/avr32-gnu-toolchain/bin/../lib/gcc/avr32/4.4.7/../../../../avr32/lib/ucr3fp\libc.a(lib_a-freer.o)
                                 0xa8 (size before relaxing)
                0x8000f728                _malloc_trim_r
 .text._free_r  0x8000f7c0      0x18c c:/program files (x86)/atmel/studio/7.0/toolchain/avr32/avr32-gnu-toolchain/bin/../lib/gcc/avr32/4.4.7/../../../../avr32/lib/ucr3fp\libc.a(lib_a-freer.o)
                                0x1a0 (size before relaxing)
                0x8000f7c0                _free_r
 .text.__sfvwrite_r
                0x8000f94c      0x294 c:/program files (x86)/atmel/studio/7.0/toolchain/avr32/avr32-gnu-toolchain/bin/../lib/gcc/avr32/4.4.7/../../../../avr32/lib/ucr3fp\libc.a(lib_a-fvwrite.o)
                                0x2c4 (size before relaxing)
                0x8000f94c                __sfvwrite_r
 .text._fwalk   0x8000fbe0       0x4c c:/program files (x86)/atmel/studio/7.0/toolchain/avr32/avr32-gnu-toolchain/bin/../lib/gcc/avr32/4.4.7/../../../../avr32/lib/ucr3fp\libc.a(lib_a-fwalk.o)
                                 0x54 (size before relaxing)
                0x8000fbe0                _fwalk
 .text._localeconv_r
                0x8000fc2c        0x8 c:/program files (x86)/atmel/studio/7.0/toolchain/avr32/avr32-gnu-toolchain/bin/../lib/gcc/avr32/4.4.7/../../../../avr32/lib/ucr3fp\libc.a(lib_a-locale.o)
                0x8000fc2c                _localeconv_r
 .text.__smakebuf_r
                0x8000fc34       0xbc c:/program files (x86)/atmel/studio/7.0/toolchain/avr32/avr32-gnu-toolchain/bin/../lib/gcc/avr32/4.4.7/../../../../avr32/lib/ucr3fp\libc.a(lib_a-makebuf.o)
                                 0xcc (size before relaxing)
                0x8000fc34                __smakebuf_r
 .text.memchr   0x8000fcf0       0x16 c:/program files (x86)/atmel/studio/7.0/toolchain/avr32/avr32-gnu-toolchain/bin/../lib/gcc/avr32/4.4.7/../../../../avr32/lib/ucr3fp\libc.a(lib_a-memchr.o)
                0x8000fcf0                memchr
 .text.memmove  0x8000fd06       0x3e c:/program files (x86)/atmel/studio/7.0/toolchain/avr32/avr32-gnu-toolchain/bin/../lib/gcc/avr32/4.4.7/../../../../avr32/lib/ucr3fp\libc.a(lib_a-memmove.o)
                0x8000fd06                memmove
 .text.__hi0bits
                0x8000fd44       0x60 c:/program files (x86)/atmel/studio/7.0/toolchain/avr32/avr32-gnu-toolchain/bin/../lib/gcc/avr32/4.4.7/../../../../avr32/lib/ucr3fp\libc.a(lib_a-mprec.o)
                0x8000fd44                __hi0bits
 .text.__lo0bits
                0x8000fda4       0x8e c:/program files (x86)/atmel/studio/7.0/toolchain/avr32/avr32-gnu-toolchain/bin/../lib/gcc/avr32/4.4.7/../../../../avr32/lib/ucr3fp\libc.a(lib_a-mprec.o)
                0x8000fda4                __lo0bits
 .text.__mcmp   0x8000fe32       0x32 c:/program files (x86)/atmel/studio/7.0/toolchain/avr32/avr32-gnu-toolchain/bin/../lib/gcc/avr32/4.4.7/../../../../avr32/lib/ucr3fp\libc.a(lib_a-mprec.o)
                0x8000fe32                __mcmp
 .text._Bfree   0x8000fe64       0x34 c:/program files (x86)/atmel/studio/7.0/toolchain/avr32/avr32-gnu-toolchain/bin/../lib/gcc/avr32/4.4.7/../../../../avr32/lib/ucr3fp\libc.a(lib_a-mprec.o)
                                 0x38 (size before relaxing)
                0x8000fe64                _Bfree
 .text._Balloc  0x8000fe98       0x70 c:/program files (x86)/atmel/studio/7.0/toolchain/avr32/avr32-gnu-toolchain/bin/../lib/gcc/avr32/4.4.7/../../../../avr32/lib/ucr3fp\libc.a(lib_a-mprec.o)
                                 0x78 (size before relaxing)
                0x8000fe98                _Balloc
 .text.__d2b    0x8000ff08       0xa0 c:/program files (x86)/atmel/studio/7.0/toolchain/avr32/avr32-gnu-toolchain/bin/../lib/gcc/avr32/4.4.7/../../../../avr32/lib/ucr3fp\libc.a(lib_a-mprec.o)
                                 0xb4 (size before relaxing)
                0x8000ff08                __d2b
 .text.__mdiff  0x8000ffa8       0xd0 c:/program files (x86)/atmel/studio/7.0/toolchain/avr32/avr32-gnu-toolchain/bin/../lib/gcc/avr32/4.4.7/../../../../avr32/lib/ucr3fp\libc.a(lib_a-mprec.o)
                                 0xd8 (size before relaxing)
                0x8000ffa8                __mdiff
 .text.__lshift
                0x80010078       0x88 c:/program files (x86)/atmel/studio/7.0/toolchain/avr32/avr32-gnu-toolchain/bin/../lib/gcc/avr32/4.4.7/../../../../avr32/lib/ucr3fp\libc.a(lib_a-mprec.o)
                                 0x94 (size before relaxing)
                0x80010078                __lshift
 .text.__multiply
                0x80010100      0x100 c:/program files (x86)/atmel/studio/7.0/toolchain/avr32/avr32-gnu-toolchain/bin/../lib/gcc/avr32/4.4.7/../../../../avr32/lib/ucr3fp\libc.a(lib_a-mprec.o)
                                0x108 (size before relaxing)
                0x80010100                __multiply
 .text.__i2b    0x80010200       0x10 c:/program files (x86)/atmel/studio/7.0/toolchain/avr32/avr32-gnu-toolchain/bin/../lib/gcc/avr32/4.4.7/../../../../avr32/lib/ucr3fp\libc.a(lib_a-mprec.o)
                                 0x18 (size before relaxing)
                0x80010200                __i2b
 .text.__multadd
                0x80010210       0x7c c:/program files (x86)/atmel/studio/7.0/toolchain/avr32/avr32-gnu-toolchain/bin/../lib/gcc/avr32/4.4.7/../../../../avr32/lib/ucr3fp\libc.a(lib_a-mprec.o)
                                 0x88 (size before relaxing)
                0x80010210                __multadd
 .text.__pow5mult
                0x8001028c       0x8c c:/program files (x86)/atmel/studio/7.0/toolchain/avr32/avr32-gnu-toolchain/bin/../lib/gcc/avr32/4.4.7/../../../../avr32/lib/ucr3fp\libc.a(lib_a-mprec.o)
                                 0xac (size before relaxing)
                0x8001028c                __pow5mult
 .text.__isinfd
                0x80010318       0x2a c:/program files (x86)/atmel/studio/7.0/toolchain/avr32/avr32-gnu-toolchain/bin/../lib/gcc/avr32/4.4.7/../../../../avr32/lib/ucr3fp\libc.a(lib_a-s_isinfd.o)
                0x80010318                __isinfd
 .text.__isnand
                0x80010342       0x1c c:/program files (x86)/atmel/studio/7.0/toolchain/avr32/avr32-gnu-toolchain/bin/../lib/gcc/avr32/4.4.7/../../../../avr32/lib/ucr3fp\libc.a(lib_a-s_isnand.o)
                0x80010342                __isnand
 *fill*         0x8001035e        0x2 d703d703
 .text.__sclose
                0x80010360        0x8 c:/program files (x86)/atmel/studio/7.0/toolchain/avr32/avr32-gnu-toolchain/bin/../lib/gcc/avr32/4.4.7/../../../../avr32/lib/ucr3fp\libc.a(lib_a-stdio.o)
                                 0x10 (size before relaxing)
                0x80010360                __sclose
 .text.__sseek  0x80010368       0x20 c:/program files (x86)/atmel/studio/7.0/toolchain/avr32/avr32-gnu-toolchain/bin/../lib/gcc/avr32/4.4.7/../../../../avr32/lib/ucr3fp\libc.a(lib_a-stdio.o)
                                 0x28 (size before relaxing)
                0x80010368                __sseek
 .text.__swrite
                0x80010388       0x2c c:/program files (x86)/atmel/studio/7.0/toolchain/avr32/avr32-gnu-toolchain/bin/../lib/gcc/avr32/4.4.7/../../../../avr32/lib/ucr3fp\libc.a(lib_a-stdio.o)
                                 0x38 (size before relaxing)
                0x80010388                __swrite
 .text.__sread  0x800103b4       0x1c c:/program files (x86)/atmel/studio/7.0/toolchain/avr32/avr32-gnu-toolchain/bin/../lib/gcc/avr32/4.4.7/../../../../avr32/lib/ucr3fp\libc.a(lib_a-stdio.o)
                                 0x24 (size before relaxing)
                0x800103b4                __sread
 .text.strlen   0x800103d0       0x16 c:/program files (x86)/atmel/studio/7.0/toolchain/avr32/avr32-gnu-toolchain/bin/../lib/gcc/avr32/4.4.7/../../../../avr32/lib/ucr3fp\libc.a(lib_a-strlen.o)
                0x800103d0                strlen
 *fill*         0x800103e6        0x2 d703d703
 .text._write_r
                0x800103e8       0x28 c:/program files (x86)/atmel/studio/7.0/toolchain/avr32/avr32-gnu-toolchain/bin/../lib/gcc/avr32/4.4.7/../../../../avr32/lib/ucr3fp\libc.a(lib_a-writer.o)
                                 0x2c (size before relaxing)
                0x800103e8                _write_r
 .text._calloc_r
                0x80010410       0x58 c:/program files (x86)/atmel/studio/7.0/toolchain/avr32/avr32-gnu-toolchain/bin/../lib/gcc/avr32/4.4.7/../../../../avr32/lib/ucr3fp\libc.a(lib_a-callocr.o)
                                 0x60 (size before relaxing)
                0x80010410                _calloc_r
 .text._close_r
                0x80010468       0x20 c:/program files (x86)/atmel/studio/7.0/toolchain/avr32/avr32-gnu-toolchain/bin/../lib/gcc/avr32/4.4.7/../../../../avr32/lib/ucr3fp\libc.a(lib_a-closer.o)
                                 0x28 (size before relaxing)
                0x80010468                _close_r
 .text._fclose_r
                0x80010488       0xb8 c:/program files (x86)/atmel/studio/7.0/toolchain/avr32/avr32-gnu-toolchain/bin/../lib/gcc/avr32/4.4.7/../../../../avr32/lib/ucr3fp\libc.a(lib_a-fclose.o)
                                 0xd0 (size before relaxing)
                0x80010488                _fclose_r
 .text.fclose   0x80010540       0x10 c:/program files (x86)/atmel/studio/7.0/toolchain/avr32/avr32-gnu-toolchain/bin/../lib/gcc/avr32/4.4.7/../../../../avr32/lib/ucr3fp\libc.a(lib_a-fclose.o)
                                 0x18 (size before relaxing)
                0x80010540                fclose
 .text._fstat_r
                0x80010550       0x24 c:/program files (x86)/atmel/studio/7.0/toolchain/avr32/avr32-gnu-toolchain/bin/../lib/gcc/avr32/4.4.7/../../../../avr32/lib/ucr3fp\libc.a(lib_a-fstatr.o)
                                 0x2c (size before relaxing)
                0x80010550                _fstat_r
 .text._lseek_r
                0x80010574       0x28 c:/program files (x86)/atmel/studio/7.0/toolchain/avr32/avr32-gnu-toolchain/bin/../lib/gcc/avr32/4.4.7/../../../../avr32/lib/ucr3fp\libc.a(lib_a-lseekr.o)
                                 0x2c (size before relaxing)
                0x80010574                _lseek_r
 .text._read_r  0x8001059c       0x28 c:/program files (x86)/atmel/studio/7.0/toolchain/avr32/avr32-gnu-toolchain/bin/../lib/gcc/avr32/4.4.7/../../../../avr32/lib/ucr3fp\libc.a(lib_a-readr.o)
                                 0x2c (size before relaxing)
                0x8001059c                _read_r
 .text          0x800105c4      0x1d4 c:/program files (x86)/atmel/studio/7.0/toolchain/avr32/avr32-gnu-toolchain/bin/../lib/gcc/avr32/4.4.7/ucr3fp\libgcc.a(_avr32_f64_mul.o)
                0x800105c4                __avr32_f64_mul
 .text          0x80010798      0x2b0 c:/program files (x86)/atmel/studio/7.0/toolchain/avr32/avr32-gnu-toolchain/bin/../lib/gcc/avr32/4.4.7/ucr3fp\libgcc.a(_avr32_f64_addsub.o)
                0x8001079c                __avr32_f64_sub
                0x80010938                __avr32_f64_add
 .text          0x80010a48       0x2a c:/program files (x86)/atmel/studio/7.0/toolchain/avr32/avr32-gnu-toolchain/bin/../lib/gcc/avr32/4.4.7/ucr3fp\libgcc.a(_avr32_f64_to_s32.o)
                0x80010a48                __avr32_f64_to_u32
                0x80010a4c                __avr32_f64_to_s32
 .text          0x80010a72       0xe8 c:/program files (x86)/atmel/studio/7.0/toolchain/avr32/avr32-gnu-toolchain/bin/../lib/gcc/avr32/4.4.7/ucr3fp\libgcc.a(_avr32_s32_to_f64.o)
                0x80010a72                __avr32_u32_to_f64
                0x80010a7a                __avr32_s32_to_f64
 .text          0x80010b5a       0x26 c:/program files (x86)/atmel/studio/7.0/toolchain/avr32/avr32-gnu-toolchain/bin/../lib/gcc/avr32/4.4.7/ucr3fp\libgcc.a(_avr32_f64_cmp_eq.o)
                0x80010b5a                __avr32_f64_cmp_eq
 .text          0x80010b80       0x68 c:/program files (x86)/atmel/studio/7.0/toolchain/avr32/avr32-gnu-toolchain/bin/../lib/gcc/avr32/4.4.7/ucr3fp\libgcc.a(_avr32_f64_cmp_ge.o)
                0x80010b80                __avr32_f64_cmp_ge
 .text          0x80010be8       0x68 c:/program files (x86)/atmel/studio/7.0/toolchain/avr32/avr32-gnu-toolchain/bin/../lib/gcc/avr32/4.4.7/ucr3fp\libgcc.a(_avr32_f64_cmp_lt.o)
                0x80010be8                __avr32_f64_cmp_lt
 .text          0x80010c50      0x318 c:/program files (x86)/atmel/studio/7.0/toolchain/avr32/avr32-gnu-toolchain/bin/../lib/gcc/avr32/4.4.7/ucr3fp\libgcc.a(_avr32_f64_div.o)
                0x80010c50                __avr32_f64_div
 .text          0x80010f68      0x20c c:/program files (x86)/atmel/studio/7.0/toolchain/avr32/avr32-gnu-toolchain/bin/../lib/gcc/avr32/4.4.7/ucr3fp\libgcc.a(_umoddi3.o)
                0x80010f68                __avr32_umod64
                0x80010f68                __umoddi3
 .text          0x80011174       0x14 c:/program files (x86)/atmel/studio/7.0/toolchain/avr32/avr32-gnu-toolchain/bin/../lib/gcc/avr32/4.4.7/ucr3fp/crtend.o
                                 0x18 (size before relaxing)
 *(.text.*personality*)
 *(.gnu.warning)

.exception      0x80011200      0x200
 .exception     0x80011200      0x200 src/ASF/thirdparty/freertos/freertos-7.0.0/source/portable/gcc/avr32_uc3/exception.o
                0x80011200                _evba
                0x80011304                _int0
                0x80011312                _int1
                0x80011320                _int2
                0x8001132e                _int3

.fini           0x80011400       0x18
 *(.fini)
 .fini          0x80011400       0x10 c:/program files (x86)/atmel/studio/7.0/toolchain/avr32/avr32-gnu-toolchain/bin/../lib/gcc/avr32/4.4.7/ucr3fp/crti.o
                0x80011400                _fini
 .fini          0x80011410        0x4 c:/program files (x86)/atmel/studio/7.0/toolchain/avr32/avr32-gnu-toolchain/bin/../lib/gcc/avr32/4.4.7/ucr3fp/crtbegin.o
 .fini          0x80011414        0x4 c:/program files (x86)/atmel/studio/7.0/toolchain/avr32/avr32-gnu-toolchain/bin/../lib/gcc/avr32/4.4.7/ucr3fp/crtn.o
                0x80011418                PROVIDE (__etext, .)
                0x80011418                PROVIDE (_etext, .)
                0x80011418                PROVIDE (etext, .)

.rodata         0x80011418      0x760
 *(.rodata .rodata.* .gnu.linkonce.r.*)
 .rodata.genclk_enable_source
                0x80011418       0x30 src/ASF/common/services/clock/uc3c/sysclk.o
 .rodata.CAN_GPIO_MAP.17140
                0x80011448       0x10 src/main.o
 .rodata.gpio_enable_module_pin
                0x80011458       0x20 src/ASF/avr32/drivers/gpio/gpio.o
 .rodata._int_handler_table
                0x80011478      0x178 src/ASF/avr32/drivers/intc/intc.o
 .rodata.str1.4
                0x800115f0        0x2 c:/program files (x86)/atmel/studio/7.0/toolchain/avr32/avr32-gnu-toolchain/bin/../lib/gcc/avr32/4.4.7/../../../../avr32/lib/ucr3fp\libc.a(lib_a-impure.o)
                                  0x4 (size before relaxing)
 *fill*         0x800115f2        0x2 
 .rodata._global_impure_ptr
                0x800115f4        0x4 c:/program files (x86)/atmel/studio/7.0/toolchain/avr32/avr32-gnu-toolchain/bin/../lib/gcc/avr32/4.4.7/../../../../avr32/lib/ucr3fp\libc.a(lib_a-impure.o)
                0x800115f4                _global_impure_ptr
 .rodata.get_arg
                0x800115f8       0x3c c:/program files (x86)/atmel/studio/7.0/toolchain/avr32/avr32-gnu-toolchain/bin/../lib/gcc/avr32/4.4.7/../../../../avr32/lib/ucr3fp\libc.a(lib_a-vfprintf.o)
 .rodata._vfprintf_r
                0x80011634      0x164 c:/program files (x86)/atmel/studio/7.0/toolchain/avr32/avr32-gnu-toolchain/bin/../lib/gcc/avr32/4.4.7/../../../../avr32/lib/ucr3fp\libc.a(lib_a-vfprintf.o)
 .rodata.state_table
                0x80011798       0x6c c:/program files (x86)/atmel/studio/7.0/toolchain/avr32/avr32-gnu-toolchain/bin/../lib/gcc/avr32/4.4.7/../../../../avr32/lib/ucr3fp\libc.a(lib_a-vfprintf.o)
 .rodata.action_table
                0x80011804       0x6c c:/program files (x86)/atmel/studio/7.0/toolchain/avr32/avr32-gnu-toolchain/bin/../lib/gcc/avr32/4.4.7/../../../../avr32/lib/ucr3fp\libc.a(lib_a-vfprintf.o)
 .rodata.str1.4
                0x80011870       0x3a c:/program files (x86)/atmel/studio/7.0/toolchain/avr32/avr32-gnu-toolchain/bin/../lib/gcc/avr32/4.4.7/../../../../avr32/lib/ucr3fp\libc.a(lib_a-vfprintf.o)
                                 0x3c (size before relaxing)
 *fill*         0x800118aa        0x2 
 .rodata.blanks.3430
                0x800118ac       0x10 c:/program files (x86)/atmel/studio/7.0/toolchain/avr32/avr32-gnu-toolchain/bin/../lib/gcc/avr32/4.4.7/../../../../avr32/lib/ucr3fp\libc.a(lib_a-vfprintf.o)
 .rodata.zeroes.3431
                0x800118bc       0x10 c:/program files (x86)/atmel/studio/7.0/toolchain/avr32/avr32-gnu-toolchain/bin/../lib/gcc/avr32/4.4.7/../../../../avr32/lib/ucr3fp\libc.a(lib_a-vfprintf.o)
 .rodata.chclass
                0x800118cc      0x100 c:/program files (x86)/atmel/studio/7.0/toolchain/avr32/avr32-gnu-toolchain/bin/../lib/gcc/avr32/4.4.7/../../../../avr32/lib/ucr3fp\libc.a(lib_a-vfprintf.o)
 .rodata.str1.4
                0x800119cc       0x10 c:/program files (x86)/atmel/studio/7.0/toolchain/avr32/avr32-gnu-toolchain/bin/../lib/gcc/avr32/4.4.7/../../../../avr32/lib/ucr3fp\libc.a(lib_a-dtoa.o)
                                 0x14 (size before relaxing)
 .rodata.__sf_fake_stdin
                0x800119dc       0x20 c:/program files (x86)/atmel/studio/7.0/toolchain/avr32/avr32-gnu-toolchain/bin/../lib/gcc/avr32/4.4.7/../../../../avr32/lib/ucr3fp\libc.a(lib_a-findfp.o)
                0x800119dc                __sf_fake_stdin
 .rodata.__sf_fake_stdout
                0x800119fc       0x20 c:/program files (x86)/atmel/studio/7.0/toolchain/avr32/avr32-gnu-toolchain/bin/../lib/gcc/avr32/4.4.7/../../../../avr32/lib/ucr3fp\libc.a(lib_a-findfp.o)
                0x800119fc                __sf_fake_stdout
 .rodata.__sf_fake_stderr
                0x80011a1c       0x20 c:/program files (x86)/atmel/studio/7.0/toolchain/avr32/avr32-gnu-toolchain/bin/../lib/gcc/avr32/4.4.7/../../../../avr32/lib/ucr3fp\libc.a(lib_a-findfp.o)
                0x80011a1c                __sf_fake_stderr
 .rodata.lconv  0x80011a3c       0x30 c:/program files (x86)/atmel/studio/7.0/toolchain/avr32/avr32-gnu-toolchain/bin/../lib/gcc/avr32/4.4.7/../../../../avr32/lib/ucr3fp\libc.a(lib_a-locale.o)
 .rodata.str1.4
                0x80011a6c       0x10 c:/program files (x86)/atmel/studio/7.0/toolchain/avr32/avr32-gnu-toolchain/bin/../lib/gcc/avr32/4.4.7/../../../../avr32/lib/ucr3fp\libc.a(lib_a-locale.o)
                                 0x18 (size before relaxing)
 .rodata.p05.2471
                0x80011a7c        0xc c:/program files (x86)/atmel/studio/7.0/toolchain/avr32/avr32-gnu-toolchain/bin/../lib/gcc/avr32/4.4.7/../../../../avr32/lib/ucr3fp\libc.a(lib_a-mprec.o)
 .rodata.__mprec_tens
                0x80011a88       0xc8 c:/program files (x86)/atmel/studio/7.0/toolchain/avr32/avr32-gnu-toolchain/bin/../lib/gcc/avr32/4.4.7/../../../../avr32/lib/ucr3fp\libc.a(lib_a-mprec.o)
                0x80011a88                __mprec_tens
 .rodata.__mprec_bigtens
                0x80011b50       0x28 c:/program files (x86)/atmel/studio/7.0/toolchain/avr32/avr32-gnu-toolchain/bin/../lib/gcc/avr32/4.4.7/../../../../avr32/lib/ucr3fp\libc.a(lib_a-mprec.o)
                0x80011b50                __mprec_bigtens

.rodata1
 *(.rodata1)

.eh_frame_hdr
 *(.eh_frame_hdr)

.eh_frame
 *(.eh_frame)

.gcc_except_table
 *(.gcc_except_table)
 *(.gcc_except_table.*)

.lalign         0x80011b78        0x0
                0x80011b78                . = ALIGN (0x8)
                0x80011b78                PROVIDE (_data_lma, .)
                0x00000004                . = ORIGIN (INTRAM)

.dalign         0x00000004        0x4
                0x00000008                . = ALIGN (0x8)
 *fill*         0x00000004        0x4 
                0x00000008                PROVIDE (_data, .)

.eh_frame
 *(.eh_frame)

.gcc_except_table
 *(.gcc_except_table)
 *(.gcc_except_table.*)

.tdata
 *(.tdata .tdata.* .gnu.linkonce.td.*)

.tbss
 *(.tbss .tbss.* .gnu.linkonce.tb.*)
 *(.tcommon)
                0x00000008                PROVIDE (__preinit_array_start, ALIGN (0x4))

.preinit_array
 *(.preinit_array)
                0x00000008                PROVIDE (__preinit_array_end, .)
                0x00000008                PROVIDE (__init_array_start, .)

.init_array
 *(.init_array)
                0x00000008                PROVIDE (__init_array_end, .)
                0x00000008                PROVIDE (__fini_array_start, .)

.fini_array
 *(.fini_array)
                0x00000008                PROVIDE (__fini_array_end, .)

.ctors          0x00000008        0x8 load address 0x80011b78
 *crtbegin*.o(.ctors)
 .ctors         0x00000008        0x4 c:/program files (x86)/atmel/studio/7.0/toolchain/avr32/avr32-gnu-toolchain/bin/../lib/gcc/avr32/4.4.7/ucr3fp/crtbegin.o
 *(EXCLUDE_FILE(*crtend*.o) .ctors)
 *(SORT(.ctors.*))
 *(.ctors)
 .ctors         0x0000000c        0x4 c:/program files (x86)/atmel/studio/7.0/toolchain/avr32/avr32-gnu-toolchain/bin/../lib/gcc/avr32/4.4.7/ucr3fp/crtend.o

.dtors          0x00000010        0x8 load address 0x80011b80
 *crtbegin*.o(.dtors)
 .dtors         0x00000010        0x4 c:/program files (x86)/atmel/studio/7.0/toolchain/avr32/avr32-gnu-toolchain/bin/../lib/gcc/avr32/4.4.7/ucr3fp/crtbegin.o
 *(EXCLUDE_FILE(*crtend*.o) .dtors)
 *(SORT(.dtors.*))
 *(.dtors)
 .dtors         0x00000014        0x4 c:/program files (x86)/atmel/studio/7.0/toolchain/avr32/avr32-gnu-toolchain/bin/../lib/gcc/avr32/4.4.7/ucr3fp/crtend.o
                0x00000014                __DTOR_END__

.jcr            0x00000018        0x4 load address 0x80011b88
 *(.jcr)
 .jcr           0x00000018        0x0 c:/program files (x86)/atmel/studio/7.0/toolchain/avr32/avr32-gnu-toolchain/bin/../lib/gcc/avr32/4.4.7/ucr3fp/crtbegin.o
 .jcr           0x00000018        0x4 c:/program files (x86)/atmel/studio/7.0/toolchain/avr32/avr32-gnu-toolchain/bin/../lib/gcc/avr32/4.4.7/ucr3fp/crtend.o

.data.rel.ro
 *(.data.rel.ro.local)
 *(.data.rel.ro*)

.dynamic
 *(.dynamic)

.got            0x0000001c        0x0 load address 0x80011b8c
 *(.got.plt)
 *(.got)
 .got           0x0000001c        0x0 c:/program files (x86)/atmel/studio/7.0/toolchain/avr32/avr32-gnu-toolchain/bin/../lib/gcc/avr32/4.4.7/../../../../avr32/lib/ucr3fp/crt0.o
                0x0000001c                _GLOBAL_OFFSET_TABLE_

.ramtext
 *(.ramtext .ramtext.*)

.ddalign        0x0000001c        0x0 load address 0x80011b8c
                0x00000020                . = ALIGN (0x8)

.data           0x0000001c      0x67c load address 0x80011b8c
 *(.data .data.* .gnu.linkonce.d.*)
 .data.udi_api_cdc_comm
                0x0000001c       0x14 src/ASF/common/services/usb/class/cdc/device/udi_cdc.o
                0x0000001c                udi_api_cdc_comm
 .data.udi_api_cdc_data
                0x00000030       0x14 src/ASF/common/services/usb/class/cdc/device/udi_cdc.o
                0x00000030                udi_api_cdc_data
 .data.udc_device_desc
                0x00000044       0x14 src/ASF/common/services/usb/class/cdc/device/udi_cdc_desc.o
                0x00000044                udc_device_desc
 .data.udc_desc_fs
                0x00000058       0x44 src/ASF/common/services/usb/class/cdc/device/udi_cdc_desc.o
                0x00000058                udc_desc_fs
 .data.udi_apis
                0x0000009c        0x8 src/ASF/common/services/usb/class/cdc/device/udi_cdc_desc.o
                0x0000009c                udi_apis
 .data.udc_config_fs
                0x000000a4        0x8 src/ASF/common/services/usb/class/cdc/device/udi_cdc_desc.o
                0x000000a4                udc_config_fs
 .data.udc_config
                0x000000ac        0xc src/ASF/common/services/usb/class/cdc/device/udi_cdc_desc.o
                0x000000ac                udc_config
 .data.udc_string_desc_languageid
                0x000000b8        0x4 src/ASF/common/services/usb/udc/udc.o
 .data.udc_string_manufacturer_name
                0x000000bc        0xc src/ASF/common/services/usb/udc/udc.o
 .data.udc_string_product_name
                0x000000c8        0x4 src/ASF/common/services/usb/udc/udc.o
 .data.udc_string_desc
                0x000000cc       0x14 src/ASF/common/services/usb/udc/udc.o
 .data.CDH_PeriodicTaskTable
                0x000000e0       0x70 src/CDHScheduler/PeriodicTaskRunner.o
                0x000000e0                CDH_PeriodicTaskTable
 .data.PowerMonitorParams
                0x00000150       0x1c src/CDHScheduler/PowerMonitor.o
                0x00000150                PowerMonitorParams
 .data.powerReading
                0x0000016c        0x4 src/CDHScheduler/PowerMonitor.o
                0x0000016c                powerReading
 .data.rx_mob   0x00000170        0xc src/main.o
                0x00000170                rx_mob
 .data.tx_mob   0x0000017c        0xc src/main.o
                0x0000017c                tx_mob
 .data.flashc_wait_until_ready
                0x00000188        0x4 src/ASF/avr32/drivers/flashc/flashc.o
                0x00000188                flashc_wait_until_ready
 .data.ulCriticalNesting
                0x0000018c        0x4 src/ASF/thirdparty/freertos/freertos-7.0.0/source/portable/gcc/avr32_uc3/port.o
                0x0000018c                ulCriticalNesting
 .data.xNextTaskUnblockTime
                0x00000190        0x4 src/ASF/thirdparty/freertos/freertos-7.0.0/source/tasks.o
 .data.impure_data
                0x00000194       0xf0 c:/program files (x86)/atmel/studio/7.0/toolchain/avr32/avr32-gnu-toolchain/bin/../lib/gcc/avr32/4.4.7/../../../../avr32/lib/ucr3fp\libc.a(lib_a-impure.o)
 .data._impure_ptr
                0x00000284        0x4 c:/program files (x86)/atmel/studio/7.0/toolchain/avr32/avr32-gnu-toolchain/bin/../lib/gcc/avr32/4.4.7/../../../../avr32/lib/ucr3fp\libc.a(lib_a-impure.o)
                0x00000284                _impure_ptr
 .data.__malloc_av_
                0x00000288      0x408 c:/program files (x86)/atmel/studio/7.0/toolchain/avr32/avr32-gnu-toolchain/bin/../lib/gcc/avr32/4.4.7/../../../../avr32/lib/ucr3fp\libc.a(lib_a-mallocr.o)
                0x00000288                __malloc_av_
 .data.__malloc_trim_threshold
                0x00000690        0x4 c:/program files (x86)/atmel/studio/7.0/toolchain/avr32/avr32-gnu-toolchain/bin/../lib/gcc/avr32/4.4.7/../../../../avr32/lib/ucr3fp\libc.a(lib_a-mallocr.o)
                0x00000690                __malloc_trim_threshold
 .data.__malloc_sbrk_base
                0x00000694        0x4 c:/program files (x86)/atmel/studio/7.0/toolchain/avr32/avr32-gnu-toolchain/bin/../lib/gcc/avr32/4.4.7/../../../../avr32/lib/ucr3fp\libc.a(lib_a-mallocr.o)
                0x00000694                __malloc_sbrk_base
 *(.gnu.linkonce.d.*personality*)

.data1
 *(.data1)

.balign         0x00000698        0x0 load address 0x80012208
                0x00000698                . = ALIGN (0x8)
 *fill*         0x00000698        0x0 
                0x00000698                PROVIDE (_edata, .)
                0x00000698                PROVIDE (edata, .)
                0x00000698                __bss_start = .

.bss            0x000006a0     0x4000
 *(.dynbss)
 *(.bss .bss.* .gnu.linkonce.b.*)
 .bss           0x000006a0        0x8 c:/program files (x86)/atmel/studio/7.0/toolchain/avr32/avr32-gnu-toolchain/bin/../lib/gcc/avr32/4.4.7/ucr3fp/crtbegin.o
 *fill*         0x000006a8       0x18 
 .bss.udd_g_ep_table
                0x000006c0       0x80 src/ASF/avr32/drivers/usbc/usbc_device.o
 .bss.udd_ep_control_state
                0x00000740        0x4 src/ASF/avr32/drivers/usbc/usbc_device.o
 .bss.udd_ctrl_prev_payload_nb_trans
                0x00000744        0x2 src/ASF/avr32/drivers/usbc/usbc_device.o
 .bss.udd_ctrl_payload_nb_trans
                0x00000746        0x2 src/ASF/avr32/drivers/usbc/usbc_device.o
 .bss.udd_ep_job
                0x00000748       0x3c src/ASF/avr32/drivers/usbc/usbc_device.o
 .bss.b_shortpacket.16965
                0x00000784        0x1 src/ASF/avr32/drivers/usbc/usbc_device.o
 *fill*         0x00000785        0x3 
 .bss.can_mob_alloc_vector0
                0x00000788        0x4 src/ASF/avr32/services/network/can/can.o
                0x00000788                can_mob_alloc_vector0
 .bss.can_mob_alloc_vector1
                0x0000078c        0x4 src/ASF/avr32/services/network/can/can.o
                0x0000078c                can_mob_alloc_vector1
 .bss.udi_cdc_line_coding
                0x00000790        0x8 src/ASF/common/services/usb/class/cdc/device/udi_cdc.o
 .bss.udi_cdc_state
                0x00000798        0x2 src/ASF/common/services/usb/class/cdc/device/udi_cdc.o
 *fill*         0x0000079a        0x2 
 .bss.uid_cdc_state_msg
                0x0000079c        0xc src/ASF/common/services/usb/class/cdc/device/udi_cdc.o
 .bss.udi_cdc_nb_comm_enabled
                0x000007a8        0x1 src/ASF/common/services/usb/class/cdc/device/udi_cdc.o
 .bss.udi_cdc_nb_data_enabled
                0x000007a9        0x1 src/ASF/common/services/usb/class/cdc/device/udi_cdc.o
 .bss.udi_cdc_data_running
                0x000007aa        0x1 src/ASF/common/services/usb/class/cdc/device/udi_cdc.o
 *fill*         0x000007ab        0x1 
 .bss.udi_cdc_rx_buf
                0x000007ac      0x280 src/ASF/common/services/usb/class/cdc/device/udi_cdc.o
 .bss.udi_cdc_rx_buf_nb
                0x00000a2c        0x4 src/ASF/common/services/usb/class/cdc/device/udi_cdc.o
 .bss.udi_cdc_rx_buf_sel
                0x00000a30        0x4 src/ASF/common/services/usb/class/cdc/device/udi_cdc.o
 .bss.udi_cdc_rx_pos
                0x00000a34        0x2 src/ASF/common/services/usb/class/cdc/device/udi_cdc.o
 *fill*         0x00000a36        0x2 
 .bss.udi_cdc_rx_trans_ongoing
                0x00000a38        0x4 src/ASF/common/services/usb/class/cdc/device/udi_cdc.o
 .bss.udi_cdc_tx_buf
                0x00000a3c      0x280 src/ASF/common/services/usb/class/cdc/device/udi_cdc.o
 .bss.udi_cdc_tx_buf_nb
                0x00000cbc        0x4 src/ASF/common/services/usb/class/cdc/device/udi_cdc.o
 .bss.udi_cdc_tx_buf_sel
                0x00000cc0        0x4 src/ASF/common/services/usb/class/cdc/device/udi_cdc.o
 .bss.udi_cdc_tx_sof_num
                0x00000cc4        0x2 src/ASF/common/services/usb/class/cdc/device/udi_cdc.o
 *fill*         0x00000cc6        0x2 
 .bss.udi_cdc_tx_trans_ongoing
                0x00000cc8        0x4 src/ASF/common/services/usb/class/cdc/device/udi_cdc.o
 .bss.udi_cdc_tx_both_buf_to_send
                0x00000ccc        0x4 src/ASF/common/services/usb/class/cdc/device/udi_cdc.o
 .bss.sof_zlp_counter.15800
                0x00000cd0        0x2 src/ASF/common/services/usb/class/cdc/device/udi_cdc.o
 .bss.port_notify.15611
                0x00000cd2        0x1 src/ASF/common/services/usb/class/cdc/device/udi_cdc.o
 *fill*         0x00000cd3        0x1 
 .bss.udc_device_status
                0x00000cd4        0x2 src/ASF/common/services/usb/udc/udc.o
 *fill*         0x00000cd6        0x2 
 .bss.udc_iface_setting
                0x00000cd8        0x4 src/ASF/common/services/usb/udc/udc.o
 .bss.udc_num_configuration
                0x00000cdc        0x4 src/ASF/common/services/usb/udc/udc.o
 .bss.udc_ptr_conf
                0x00000ce0        0x4 src/ASF/common/services/usb/udc/udc.o
 .bss.udc_ptr_iface
                0x00000ce4        0x4 src/ASF/common/services/usb/udc/udc.o
 .bss.udc_ep_status.15486
                0x00000ce8        0x2 src/ASF/common/services/usb/udc/udc.o
 .bss.stdio_usb_interface_enable
                0x00000cea        0x1 src/ASF/common/utils/stdio/stdio_usb/stdio_usb.o
 *fill*         0x00000ceb        0x1 
 .bss.RX_Queue_index
                0x00000cec        0x4 src/CDHScheduler/CANManager.o
                0x00000cec                RX_Queue_index
 .bss.TX_Queue_index
                0x00000cf0        0x4 src/CDHScheduler/CANManager.o
                0x00000cf0                TX_Queue_index
 .bss.QueueIndex
                0x00000cf4        0x4 src/CDHScheduler/PayloadData.o
                0x00000cf4                QueueIndex
 .bss.Queue_index
                0x00000cf8        0x4 src/CDHScheduler/TimeDelayedTasks.o
                0x00000cf8                Queue_index
 .bss.schedulerStarted
                0x00000cfc        0x4 src/main.o
                0x00000cfc                schedulerStarted
 .bss.rx_msg    0x00000d00       0x10 src/main.o
                0x00000d00                rx_msg
 .bss.tx_msg    0x00000d10       0x10 src/main.o
                0x00000d10                tx_msg
 .bss.flashc_error_status
                0x00000d20        0x4 src/ASF/avr32/drivers/flashc/flashc.o
 .bss._int_line_handler_table_0
                0x00000d24        0x4 src/ASF/avr32/drivers/intc/intc.o
 .bss._int_line_handler_table_1
                0x00000d28        0x8 src/ASF/avr32/drivers/intc/intc.o
 .bss._int_line_handler_table_2
                0x00000d30        0x4 src/ASF/avr32/drivers/intc/intc.o
 .bss._int_line_handler_table_3
                0x00000d34       0x10 src/ASF/avr32/drivers/intc/intc.o
 .bss._int_line_handler_table_4
                0x00000d44       0x10 src/ASF/avr32/drivers/intc/intc.o
 .bss._int_line_handler_table_5
                0x00000d54       0x10 src/ASF/avr32/drivers/intc/intc.o
 .bss._int_line_handler_table_6
                0x00000d64       0x10 src/ASF/avr32/drivers/intc/intc.o
 .bss._int_line_handler_table_7
                0x00000d74        0x4 src/ASF/avr32/drivers/intc/intc.o
 .bss._int_line_handler_table_8
                0x00000d78        0x4 src/ASF/avr32/drivers/intc/intc.o
 .bss._int_line_handler_table_9
                0x00000d7c       0x28 src/ASF/avr32/drivers/intc/intc.o
 .bss._int_line_handler_table_10
                0x00000da4        0x4 src/ASF/avr32/drivers/intc/intc.o
 .bss._int_line_handler_table_11
                0x00000da8        0x4 src/ASF/avr32/drivers/intc/intc.o
 .bss._int_line_handler_table_12
                0x00000dac        0x4 src/ASF/avr32/drivers/intc/intc.o
 .bss._int_line_handler_table_13
                0x00000db0        0x4 src/ASF/avr32/drivers/intc/intc.o
 .bss._int_line_handler_table_14
                0x00000db4       0x14 src/ASF/avr32/drivers/intc/intc.o
 .bss._int_line_handler_table_15
                0x00000dc8       0x10 src/ASF/avr32/drivers/intc/intc.o
 .bss._int_line_handler_table_16
                0x00000dd8       0x10 src/ASF/avr32/drivers/intc/intc.o
 .bss._int_line_handler_table_17
                0x00000de8        0x4 src/ASF/avr32/drivers/intc/intc.o
 .bss._int_line_handler_table_18
                0x00000dec       0x40 src/ASF/avr32/drivers/intc/intc.o
 .bss._int_line_handler_table_19
                0x00000e2c        0x4 src/ASF/avr32/drivers/intc/intc.o
 .bss._int_line_handler_table_20
                0x00000e30        0x4 src/ASF/avr32/drivers/intc/intc.o
 .bss._int_line_handler_table_21
                0x00000e34        0x4 src/ASF/avr32/drivers/intc/intc.o
 .bss._int_line_handler_table_22
                0x00000e38        0x4 src/ASF/avr32/drivers/intc/intc.o
 .bss._int_line_handler_table_23
                0x00000e3c        0x4 src/ASF/avr32/drivers/intc/intc.o
 .bss._int_line_handler_table_24
                0x00000e40        0x4 src/ASF/avr32/drivers/intc/intc.o
 .bss._int_line_handler_table_25
                0x00000e44        0x4 src/ASF/avr32/drivers/intc/intc.o
 .bss._int_line_handler_table_26
                0x00000e48        0x4 src/ASF/avr32/drivers/intc/intc.o
 .bss._int_line_handler_table_27
                0x00000e4c        0x4 src/ASF/avr32/drivers/intc/intc.o
 .bss._int_line_handler_table_28
                0x00000e50        0x4 src/ASF/avr32/drivers/intc/intc.o
 .bss._int_line_handler_table_29
                0x00000e54        0x4 src/ASF/avr32/drivers/intc/intc.o
 .bss._int_line_handler_table_30
                0x00000e58        0x4 src/ASF/avr32/drivers/intc/intc.o
 .bss._int_line_handler_table_31
                0x00000e5c        0x4 src/ASF/avr32/drivers/intc/intc.o
 .bss._int_line_handler_table_32
                0x00000e60        0x4 src/ASF/avr32/drivers/intc/intc.o
 .bss._int_line_handler_table_33
                0x00000e64        0xc src/ASF/avr32/drivers/intc/intc.o
 .bss._int_line_handler_table_34
                0x00000e70        0xc src/ASF/avr32/drivers/intc/intc.o
 .bss._int_line_handler_table_35
                0x00000e7c        0x8 src/ASF/avr32/drivers/intc/intc.o
 .bss._int_line_handler_table_36
                0x00000e84       0x18 src/ASF/avr32/drivers/intc/intc.o
 .bss._int_line_handler_table_37
                0x00000e9c        0x4 src/ASF/avr32/drivers/intc/intc.o
 .bss._int_line_handler_table_38
                0x00000ea0        0x4 src/ASF/avr32/drivers/intc/intc.o
 .bss._int_line_handler_table_39
                0x00000ea4       0x18 src/ASF/avr32/drivers/intc/intc.o
 .bss._int_line_handler_table_40
                0x00000ebc       0x18 src/ASF/avr32/drivers/intc/intc.o
 .bss._int_line_handler_table_41
                0x00000ed4        0x4 src/ASF/avr32/drivers/intc/intc.o
 .bss._int_line_handler_table_42
                0x00000ed8        0x4 src/ASF/avr32/drivers/intc/intc.o
 .bss._int_line_handler_table_43
                0x00000edc        0x4 src/ASF/avr32/drivers/intc/intc.o
 .bss._int_line_handler_table_44
                0x00000ee0        0x4 src/ASF/avr32/drivers/intc/intc.o
 .bss._int_line_handler_table_45
                0x00000ee4        0x4 src/ASF/avr32/drivers/intc/intc.o
 .bss._int_line_handler_table_46
                0x00000ee8        0x4 src/ASF/avr32/drivers/intc/intc.o
 .bss.pxCurrentTCB
                0x00000eec        0x4 src/ASF/thirdparty/freertos/freertos-7.0.0/source/tasks.o
                0x00000eec                pxCurrentTCB
 .bss.pxReadyTasksLists
                0x00000ef0       0xa0 src/ASF/thirdparty/freertos/freertos-7.0.0/source/tasks.o
 .bss.xDelayedTaskList1
                0x00000f90       0x14 src/ASF/thirdparty/freertos/freertos-7.0.0/source/tasks.o
 .bss.xDelayedTaskList2
                0x00000fa4       0x14 src/ASF/thirdparty/freertos/freertos-7.0.0/source/tasks.o
 .bss.pxDelayedTaskList
                0x00000fb8        0x4 src/ASF/thirdparty/freertos/freertos-7.0.0/source/tasks.o
 .bss.pxOverflowDelayedTaskList
                0x00000fbc        0x4 src/ASF/thirdparty/freertos/freertos-7.0.0/source/tasks.o
 .bss.xPendingReadyList
                0x00000fc0       0x14 src/ASF/thirdparty/freertos/freertos-7.0.0/source/tasks.o
 .bss.xTasksWaitingTermination
                0x00000fd4       0x14 src/ASF/thirdparty/freertos/freertos-7.0.0/source/tasks.o
 .bss.uxTasksDeleted
                0x00000fe8        0x4 src/ASF/thirdparty/freertos/freertos-7.0.0/source/tasks.o
 .bss.xSuspendedTaskList
                0x00000fec       0x14 src/ASF/thirdparty/freertos/freertos-7.0.0/source/tasks.o
 .bss.uxCurrentNumberOfTasks
                0x00001000        0x4 src/ASF/thirdparty/freertos/freertos-7.0.0/source/tasks.o
 .bss.xTickCount
                0x00001004        0x4 src/ASF/thirdparty/freertos/freertos-7.0.0/source/tasks.o
 .bss.uxTopUsedPriority
                0x00001008        0x4 src/ASF/thirdparty/freertos/freertos-7.0.0/source/tasks.o
 .bss.uxTopReadyPriority